Archive member included to satisfy reference by file (symbol)

app/libapp.a(main.c.obj)      (--whole-archive)
zephyr/libzephyr.a(cbprintf_packaged.c.obj)
                              (--whole-archive)
zephyr/libzephyr.a(crc32c_sw.c.obj)
                              (--whole-archive)
zephyr/libzephyr.a(crc32_sw.c.obj)
                              (--whole-archive)
zephyr/libzephyr.a(crc16_sw.c.obj)
                              (--whole-archive)
zephyr/libzephyr.a(crc8_sw.c.obj)
                              (--whole-archive)
zephyr/libzephyr.a(crc7_sw.c.obj)
                              (--whole-archive)
zephyr/libzephyr.a(dec.c.obj)
                              (--whole-archive)
zephyr/libzephyr.a(fdtable.c.obj)
                              (--whole-archive)
zephyr/libzephyr.a(hex.c.obj)
                              (--whole-archive)
zephyr/libzephyr.a(notify.c.obj)
                              (--whole-archive)
zephyr/libzephyr.a(printk.c.obj)
                              (--whole-archive)
zephyr/libzephyr.a(onoff.c.obj)
                              (--whole-archive)
zephyr/libzephyr.a(rb.c.obj)  (--whole-archive)
zephyr/libzephyr.a(sem.c.obj)
                              (--whole-archive)
zephyr/libzephyr.a(thread_entry.c.obj)
                              (--whole-archive)
zephyr/libzephyr.a(timeutil.c.obj)
                              (--whole-archive)
zephyr/libzephyr.a(heap.c.obj)
                              (--whole-archive)
zephyr/libzephyr.a(heap-validate.c.obj)
                              (--whole-archive)
zephyr/libzephyr.a(bitarray.c.obj)
                              (--whole-archive)
zephyr/libzephyr.a(multi_heap.c.obj)
                              (--whole-archive)
zephyr/libzephyr.a(cbprintf_complete.c.obj)
                              (--whole-archive)
zephyr/libzephyr.a(cbprintf.c.obj)
                              (--whole-archive)
zephyr/libzephyr.a(assert.c.obj)
                              (--whole-archive)
zephyr/libzephyr.a(reboot.c.obj)
                              (--whole-archive)
zephyr/libzephyr.a(configs.c.obj)
                              (--whole-archive)
zephyr/libzephyr.a(soc_nrf_common.S.obj)
                              (--whole-archive)
zephyr/libzephyr.a(validate_base_addresses.c.obj)
                              (--whole-archive)
zephyr/libzephyr.a(validate_enabled_instances.c.obj)
                              (--whole-archive)
zephyr/libzephyr.a(thread_info.c.obj)
                              (--whole-archive)
zephyr/libzephyr.a(pm.c.obj)  (--whole-archive)
zephyr/libzephyr.a(policy.c.obj)
                              (--whole-archive)
zephyr/libzephyr.a(state.c.obj)
                              (--whole-archive)
zephyr/libzephyr.a(tracing_none.c.obj)
                              (--whole-archive)
zephyr/libzephyr.a(nrf_cc3xx_platform_abort_zephyr.c.obj)
                              (--whole-archive)
zephyr/libzephyr.a(nrf_cc3xx_platform_mutex_zephyr.c.obj)
                              (--whole-archive)
zephyr/arch/common/libarch__common.a(sw_isr_common.c.obj)
                              (--whole-archive)
zephyr/arch/arch/arm/core/aarch32/libarch__arm__core__aarch32.a(cpu_idle.S.obj)
                              (--whole-archive)
zephyr/arch/arch/arm/core/aarch32/libarch__arm__core__aarch32.a(fatal.c.obj)
                              (--whole-archive)
zephyr/arch/arch/arm/core/aarch32/libarch__arm__core__aarch32.a(irq_manage.c.obj)
                              (--whole-archive)
zephyr/arch/arch/arm/core/aarch32/libarch__arm__core__aarch32.a(nmi.c.obj)
                              (--whole-archive)
zephyr/arch/arch/arm/core/aarch32/libarch__arm__core__aarch32.a(nmi_on_reset.S.obj)
                              (--whole-archive)
zephyr/arch/arch/arm/core/aarch32/libarch__arm__core__aarch32.a(prep_c.c.obj)
                              (--whole-archive)
zephyr/arch/arch/arm/core/aarch32/libarch__arm__core__aarch32.a(swap.c.obj)
                              (--whole-archive)
zephyr/arch/arch/arm/core/aarch32/libarch__arm__core__aarch32.a(swap_helper.S.obj)
                              (--whole-archive)
zephyr/arch/arch/arm/core/aarch32/libarch__arm__core__aarch32.a(thread.c.obj)
                              (--whole-archive)
zephyr/arch/arch/arm/core/aarch32/libarch__arm__core__aarch32.a(isr_wrapper.S.obj)
                              (--whole-archive)
zephyr/arch/arch/arm/core/aarch32/cortex_m/libarch__arm__core__aarch32__cortex_m.a(exc_exit.S.obj)
                              (--whole-archive)
zephyr/arch/arch/arm/core/aarch32/cortex_m/libarch__arm__core__aarch32__cortex_m.a(fault.c.obj)
                              (--whole-archive)
zephyr/arch/arch/arm/core/aarch32/cortex_m/libarch__arm__core__aarch32__cortex_m.a(fault_s.S.obj)
                              (--whole-archive)
zephyr/arch/arch/arm/core/aarch32/cortex_m/libarch__arm__core__aarch32__cortex_m.a(fpu.c.obj)
                              (--whole-archive)
[...]
Memory Configuration

Name             Origin             Length             Attributes
FLASH            0x0000000000000000 0x0000000000100000 xr
SRAM             0x0000000020000000 0x0000000000040000 xw
IDT_LIST         0x00000000fffff7ff 0x0000000000000800 xw
*default*        0x0000000000000000 0xffffffffffffffff

Linker script and memory map

LOAD zephyr/CMakeFiles/zephyr_pre1.dir/misc/empty_file.c.obj
LOAD zephyr/CMakeFiles/zephyr_pre1.dir/dev_handles.c.obj
                0x0000000000000020                _region_min_align = 0x20

.rel.plt        0x0000000000000000        0x0
 *(SORT_BY_ALIGNMENT(.rel.plt))
                [!provide]                        PROVIDE (__rel_iplt_start = .)
 *(SORT_BY_ALIGNMENT(.rel.iplt))
 .rel.iplt      0x0000000000000000        0x0 app/libapp.a(main.c.obj)
                [!provide]                        PROVIDE (__rel_iplt_end = .)

.rela.plt       0x0000000000000000        0x0
 *(SORT_BY_ALIGNMENT(.rela.plt))
                [!provide]                        PROVIDE (__rela_iplt_start = .)
 *(SORT_BY_ALIGNMENT(.rela.iplt))
                [!provide]                        PROVIDE (__rela_iplt_end = .)

.rel.dyn
 *(SORT_BY_ALIGNMENT(.rel.*))

.rela.dyn
 *(SORT_BY_ALIGNMENT(.rela.*))

/DISCARD/
 *(SORT_BY_ALIGNMENT(.plt))
 *(SORT_BY_ALIGNMENT(.iplt))
 *(SORT_BY_ALIGNMENT(.got.plt))
 *(SORT_BY_ALIGNMENT(.igot.plt))
 *(SORT_BY_ALIGNMENT(.got))
 *(SORT_BY_ALIGNMENT(.igot))
 *(SORT_BY_ALIGNMENT(.note.GNU-stack))
                0x0000000000000000                __rom_region_start = 0x0

rom_start       0x0000000000000000      0x100
                0x0000000000000000                . = 0x0
                0x0000000000000000                . = ALIGN (0x4)
                0x0000000000000000                . = ALIGN (0x80)
                0x0000000000000000                . = ALIGN (0x100)
                0x0000000000000000                _vector_start = .
 *(SORT_BY_ALIGNMENT(.exc_vector_table))
 *(SORT_BY_ALIGNMENT(.exc_vector_table.*))
 .exc_vector_table._vector_table_section
                0x0000000000000000       0x40 zephyr/arch/arch/arm/core/aarch32/cortex_m/libarch__arm__core__aarch32__cortex_m.a(vector_table.S.obj)
                0x0000000000000000                _vector_table
 *(SORT_BY_ALIGNMENT(.vectors))
                0x0000000000000100                _vector_end = .
                0x0000000000000040                . = ALIGN (0x4)
 *(SORT_BY_ALIGNMENT(.gnu.linkonce.irq_vector_table*))
 .gnu.linkonce.irq_vector_table
                0x0000000000000040       0xc0 zephyr/arch/common/libisr_tables.a(isr_tables.c.obj)
                0x0000000000000040                _irq_vector_table
                0x0000000000000100                _vector_end = .

text            0x0000000000000100     0x6472
                0x0000000000000100                __text_region_start = .
 *(SORT_BY_ALIGNMENT(.text))
 .text          0x0000000000000100       0x30 /home/bem22/code/ncs/toolchains/v2.1.2/opt/zephyr-sdk/arm-zephyr-eabi/bin/../lib/gcc/arm-zephyr-eabi/10.3.0/thumb/v7e-m/nofp/libgcc.a(_aeabi_uldivmod.o)
                0x0000000000000100                __aeabi_uldivmod
 .text          0x0000000000000130        0x4 /home/bem22/code/ncs/toolchains/v2.1.2/opt/zephyr-sdk/arm-zephyr-eabi/bin/../lib/gcc/arm-zephyr-eabi/10.3.0/thumb/v7e-m/nofp/libgcc.a(_dvmd_tls.o)
                0x0000000000000130                __aeabi_ldiv0
                0x0000000000000130                __aeabi_idiv0
 .text          0x0000000000000134      0x2a6 /home/bem22/code/ncs/toolchains/v2.1.2/opt/zephyr-sdk/arm-zephyr-eabi/bin/../lib/gcc/arm-zephyr-eabi/10.3.0/thumb/v7e-m/nofp/libgcc.a(_udivmoddi4.o)
                0x0000000000000134                __udivmoddi4
 *(SORT_BY_ALIGNMENT(.text.*))
 *fill*         0x00000000000003da        0x2 
 .text.main     0x00000000000003dc       0x4c app/libapp.a(main.c.obj)
                0x00000000000003dc                main
 .text.char_out
                0x0000000000000428       0x10 zephyr/libzephyr.a(printk.c.obj)
 .text.__printk_hook_install
                0x0000000000000438        0xc zephyr/libzephyr.a(printk.c.obj)
                0x0000000000000438                __printk_hook_install
 .text.vprintk  0x0000000000000444       0x1c zephyr/libzephyr.a(printk.c.obj)
                0x0000000000000444                vprintk
 .text.process_event
                0x0000000000000460      0x158 zephyr/libzephyr.a(onoff.c.obj)
 .text.extract_conversion
                0x00000000000005b8      0x314 zephyr/libzephyr.a(cbprintf_complete.c.obj)
 .text.z_cbvprintf_impl
                0x00000000000008cc      0x5d0 zephyr/libzephyr.a(cbprintf_complete.c.obj)
                0x00000000000008cc                z_cbvprintf_impl
 .text.sys_reboot
                0x0000000000000e9c       0x28 zephyr/libzephyr.a(reboot.c.obj)
                0x0000000000000e9c                sys_reboot
 .text.z_arm_platform_init
                0x0000000000000ec4        0x4 zephyr/libzephyr.a(soc_nrf_common.S.obj)
                0x0000000000000ec4                z_arm_platform_init
 .text.pm_system_resume
                0x0000000000000ec8       0xc0 zephyr/libzephyr.a(pm.c.obj)
                0x0000000000000ec8                pm_system_resume
 .text.pm_system_suspend
                0x0000000000000f88      0x15c zephyr/libzephyr.a(pm.c.obj)
                0x0000000000000f88                pm_system_suspend
 .text.pm_policy_next_state
                0x00000000000010e4       0x98 zephyr/libzephyr.a(policy.c.obj)
                0x00000000000010e4                pm_policy_next_state
 .text.pm_state_cpu_get_all
                0x000000000000117c       0x10 zephyr/libzephyr.a(state.c.obj)
                0x000000000000117c                pm_state_cpu_get_all
 .text.nrf_cc3xx_platform_abort_init
                0x000000000000118c       0x10 zephyr/libzephyr.a(nrf_cc3xx_platform_abort_zephyr.c.obj)
                0x000000000000118c                nrf_cc3xx_platform_abort_init
 .text.mutex_unlock_platform
                0x000000000000119c       0x50 zephyr/libzephyr.a(nrf_cc3xx_platform_mutex_zephyr.c.obj)
 .text.mutex_lock_platform
                0x00000000000011ec       0x5c zephyr/libzephyr.a(nrf_cc3xx_platform_mutex_zephyr.c.obj)
 .text.mutex_free_platform
                0x0000000000001248       0x4c zephyr/libzephyr.a(nrf_cc3xx_platform_mutex_zephyr.c.obj)
 .text.mutex_init_platform
                0x0000000000001294       0x74 zephyr/libzephyr.a(nrf_cc3xx_platform_mutex_zephyr.c.obj)
 .text.nrf_cc3xx_platform_mutex_init
                0x0000000000001308       0x28 zephyr/libzephyr.a(nrf_cc3xx_platform_mutex_zephyr.c.obj)
                0x0000000000001308                nrf_cc3xx_platform_mutex_init
 .text.z_arm_cpu_idle_init
                0x0000000000001330        0xc zephyr/arch/arch/arm/core/aarch32/libarch__arm__core__aarch32.a(cpu_idle.S.obj)
                0x0000000000001330                z_arm_cpu_idle_init
 .text.arch_cpu_idle
                0x000000000000133c       0x1c zephyr/arch/arch/arm/core/aarch32/libarch__arm__core__aarch32.a(cpu_idle.S.obj)
                0x000000000000133c                arch_cpu_idle
 .text.arch_cpu_atomic_idle
                0x0000000000001358       0x14 zephyr/arch/arch/arm/core/aarch32/libarch__arm__core__aarch32.a(cpu_idle.S.obj)
                0x0000000000001358                arch_cpu_atomic_idle
 .text.arch_irq_enable
                0x000000000000136c       0x1c zephyr/arch/arch/arm/core/aarch32/libarch__arm__core__aarch32.a(irq_manage.c.obj)
                0x000000000000136c                arch_irq_enable
 .text.arch_irq_is_enabled
                0x0000000000001388       0x1c zephyr/arch/arch/arm/core/aarch32/libarch__arm__core__aarch32.a(irq_manage.c.obj)
                0x0000000000001388                arch_irq_is_enabled
 .text.z_arm_irq_priority_set
                0x00000000000013a4       0x2c zephyr/arch/arch/arm/core/aarch32/libarch__arm__core__aarch32.a(irq_manage.c.obj)
                0x00000000000013a4                z_arm_irq_priority_set
 .text.z_SysNmiOnReset
                0x00000000000013d0        0x8 zephyr/arch/arch/arm/core/aarch32/libarch__arm__core__aarch32.a(nmi_on_reset.S.obj)
                0x00000000000013d0                z_SysNmiOnReset
 .text.z_arm_prep_c
                0x00000000000013d8       0x38 zephyr/arch/arch/arm/core/aarch32/libarch__arm__core__aarch32.a(prep_c.c.obj)
                0x00000000000013d8                z_arm_prep_c
 .text.arch_swap
                0x0000000000001410       0x38 zephyr/arch/arch/arm/core/aarch32/libarch__arm__core__aarch32.a(swap.c.obj)
                0x0000000000001410                arch_swap
 .text.z_arm_pendsv
                0x0000000000001448       0x58 zephyr/arch/arch/arm/core/aarch32/libarch__arm__core__aarch32.a(swap_helper.S.obj)
                0x0000000000001448                z_arm_pendsv
 .text.z_arm_svc
                0x00000000000014a0       0x20 zephyr/arch/arch/arm/core/aarch32/libarch__arm__core__aarch32.a(swap_helper.S.obj)
                0x00000000000014a0                z_arm_svc
 .text.arch_new_thread
                0x00000000000014c0       0x44 zephyr/arch/arch/arm/core/aarch32/libarch__arm__core__aarch32.a(thread.c.obj)
                0x00000000000014c0                arch_new_thread
 .text.z_check_thread_stack_fail
                0x0000000000001504       0x50 zephyr/arch/arch/arm/core/aarch32/libarch__arm__core__aarch32.a(thread.c.obj)
                0x0000000000001504                z_check_thread_stack_fail
 .text.arch_switch_to_main_thread
                0x0000000000001554       0x2c zephyr/arch/arch/arm/core/aarch32/libarch__arm__core__aarch32.a(thread.c.obj)
                0x0000000000001554                arch_switch_to_main_thread
 .text._isr_wrapper
                0x0000000000001580       0x40 zephyr/arch/arch/arm/core/aarch32/libarch__arm__core__aarch32.a(isr_wrapper.S.obj)
                0x0000000000001580                _isr_wrapper
 .text._HandlerModeExit
                0x00000000000015c0       0x1c zephyr/arch/arch/arm/core/aarch32/cortex_m/libarch__arm__core__aarch32__cortex_m.a(exc_exit.S.obj)
                0x00000000000015c0                z_arm_exc_exit
                0x00000000000015c0                z_arm_int_exit
 .text.bus_fault
                0x00000000000015dc       0x54 zephyr/arch/arch/arm/core/aarch32/cortex_m/libarch__arm__core__aarch32__cortex_m.a(fault.c.obj)
 .text.usage_fault
                0x0000000000001630       0x24 zephyr/arch/arch/arm/core/aarch32/cortex_m/libarch__arm__core__aarch32__cortex_m.a(fault.c.obj)
 .text.mem_manage_fault
                0x0000000000001654       0xa0 zephyr/arch/arch/arm/core/aarch32/cortex_m/libarch__arm__core__aarch32__cortex_m.a(fault.c.obj)
 .text.hard_fault
                0x00000000000016f4       0x80 zephyr/arch/arch/arm/core/aarch32/cortex_m/libarch__arm__core__aarch32__cortex_m.a(fault.c.obj)
 .text.z_arm_fault
                0x0000000000001774       0x94 zephyr/arch/arch/arm/core/aarch32/cortex_m/libarch__arm__core__aarch32__cortex_m.a(fault.c.obj)
                0x0000000000001774                z_arm_fault
 .text.z_arm_fault_init
                0x0000000000001808       0x10 zephyr/arch/arch/arm/core/aarch32/cortex_m/libarch__arm__core__aarch32__cortex_m.a(fault.c.obj)
                0x0000000000001808                z_arm_fault_init
 .text.__fault  0x0000000000001818       0x14 zephyr/arch/arch/arm/core/aarch32/cortex_m/libarch__arm__core__aarch32__cortex_m.a(fault_s.S.obj)
                0x0000000000001818                z_arm_bus_fault
                0x0000000000001818                z_arm_usage_fault
                0x0000000000001818                z_arm_mpu_fault
                0x0000000000001818                z_arm_exc_spurious
                0x0000000000001818                z_arm_debug_monitor
                0x0000000000001818                z_arm_hard_fault
 .text.z_arm_interrupt_init
                0x000000000000182c       0x34 zephyr/arch/arch/arm/core/aarch32/cortex_m/libarch__arm__core__aarch32__cortex_m.a(irq_init.c.obj)
                0x000000000000182c                z_arm_interrupt_init
 .text._reset_section
                0x0000000000001860       0x60 zephyr/arch/arch/arm/core/aarch32/cortex_m/libarch__arm__core__aarch32__cortex_m.a(reset.S.obj)
                0x0000000000001860                z_arm_reset
                0x0000000000001860                __start
 .text.z_arm_clear_arm_mpu_config
                0x00000000000018c0       0x28 zephyr/arch/arch/arm/core/aarch32/cortex_m/libarch__arm__core__aarch32__cortex_m.a(scb.c.obj)
                0x00000000000018c0                z_arm_clear_arm_mpu_config
 .text.z_arm_init_arch_hw_at_boot
                0x00000000000018e8       0x54 zephyr/arch/arch/arm/core/aarch32/cortex_m/libarch__arm__core__aarch32__cortex_m.a(scb.c.obj)
                0x00000000000018e8                z_arm_init_arch_hw_at_boot
 .text.z_impl_k_thread_abort
                0x000000000000193c       0x34 zephyr/arch/arch/arm/core/aarch32/cortex_m/libarch__arm__core__aarch32__cortex_m.a(thread_abort.c.obj)
                0x000000000000193c                z_impl_k_thread_abort
 .text.z_arm_configure_static_mpu_regions
                0x0000000000001970       0x1c zephyr/arch/arch/arm/core/aarch32/mpu/libarch__arm__core__aarch32__mpu.a(arm_core_mpu.c.obj)
                0x0000000000001970                z_arm_configure_static_mpu_regions
 .text.z_arm_configure_dynamic_mpu_regions
                0x000000000000198c       0x24 zephyr/arch/arch/arm/core/aarch32/mpu/libarch__arm__core__aarch32__mpu.a(arm_core_mpu.c.obj)
                0x000000000000198c                z_arm_configure_dynamic_mpu_regions
 .text.region_init
                0x00000000000019b0       0x28 zephyr/arch/arch/arm/core/aarch32/mpu/libarch__arm__core__aarch32__mpu.a(arm_mpu.c.obj)
 .text.mpu_configure_static_mpu_regions
                0x00000000000019d8       0x14 zephyr/arch/arch/arm/core/aarch32/mpu/libarch__arm__core__aarch32__mpu.a(arm_mpu.c.obj)
 .text.mpu_configure_dynamic_mpu_regions
                0x00000000000019ec       0x34 zephyr/arch/arch/arm/core/aarch32/mpu/libarch__arm__core__aarch32__mpu.a(arm_mpu.c.obj)
 .text.arm_core_mpu_enable
                0x0000000000001a20       0x18 zephyr/arch/arch/arm/core/aarch32/mpu/libarch__arm__core__aarch32__mpu.a(arm_mpu.c.obj)
                0x0000000000001a20                arm_core_mpu_enable
 .text.arm_core_mpu_disable
                0x0000000000001a38       0x14 zephyr/arch/arch/arm/core/aarch32/mpu/libarch__arm__core__aarch32__mpu.a(arm_mpu.c.obj)
                0x0000000000001a38                arm_core_mpu_disable
 .text.z_arm_mpu_init
                0x0000000000001a4c       0x44 zephyr/arch/arch/arm/core/aarch32/mpu/libarch__arm__core__aarch32__mpu.a(arm_mpu.c.obj)
                0x0000000000001a4c                z_arm_mpu_init
 .text.__stdout_hook_install
                0x0000000000001a90        0xc zephyr/lib/libc/minimal/liblib__libc__minimal.a(stdout_console.c.obj)
                0x0000000000001a90                __stdout_hook_install
 .text.nordicsemi_nrf52_init
                0x0000000000001a9c       0x4c zephyr/soc/arm/nordic_nrf/nrf52/libsoc__arm__nordic_nrf__nrf52.a(soc.c.obj)
 .text.sys_arch_reboot
                0x0000000000001ae8       0x2c zephyr/soc/arm/nordic_nrf/nrf52/libsoc__arm__nordic_nrf__nrf52.a(soc.c.obj)
                0x0000000000001ae8                sys_arch_reboot
 .text.arch_busy_wait
                0x0000000000001b14       0x18 zephyr/soc/arm/nordic_nrf/nrf52/libsoc__arm__nordic_nrf__nrf52.a(soc.c.obj)
                0x0000000000001b14                arch_busy_wait
 .text.get_hf_flags
                0x0000000000001b2c        0x8 zephyr/drivers/clock_control/libdrivers__clock_control.a(clock_control_nrf.c.obj)
 .text.get_subsys
                0x0000000000001b34       0x18 zephyr/drivers/clock_control/libdrivers__clock_control.a(clock_control_nrf.c.obj)
 .text.onoff_stop
                0x0000000000001b4c       0x20 zephyr/drivers/clock_control/libdrivers__clock_control.a(clock_control_nrf.c.obj)
 .text.onoff_start
                0x0000000000001b6c       0x34 zephyr/drivers/clock_control/libdrivers__clock_control.a(clock_control_nrf.c.obj)
 .text.clock_event_handler
                0x0000000000001ba0       0x34 zephyr/drivers/clock_control/libdrivers__clock_control.a(clock_control_nrf.c.obj)
 .text.generic_hfclk_start
                0x0000000000001bd4       0x68 zephyr/drivers/clock_control/libdrivers__clock_control.a(clock_control_nrf.c.obj)
 .text.generic_hfclk_stop
                0x0000000000001c3c       0x30 zephyr/drivers/clock_control/libdrivers__clock_control.a(clock_control_nrf.c.obj)
 .text.api_blocking_start
                0x0000000000001c6c       0x38 zephyr/drivers/clock_control/libdrivers__clock_control.a(clock_control_nrf.c.obj)
 .text.clk_init
                0x0000000000001ca4       0x60 zephyr/drivers/clock_control/libdrivers__clock_control.a(clock_control_nrf.c.obj)
 .text.lfclk_spinwait
                0x0000000000001d04       0xe4 zephyr/drivers/clock_control/libdrivers__clock_control.a(clock_control_nrf.c.obj)
 .text.z_nrf_clock_control_lf_on
                0x0000000000001de8       0x54 zephyr/drivers/clock_control/libdrivers__clock_control.a(clock_control_nrf.c.obj)
                0x0000000000001de8                z_nrf_clock_control_lf_on
 .text.console_out
                0x0000000000001e3c       0x2c zephyr/drivers/console/libdrivers__console.a(uart_console.c.obj)
 .text.uart_console_hook_install
                0x0000000000001e68       0x18 zephyr/drivers/console/libdrivers__console.a(uart_console.c.obj)
 .text.uart_console_init
                0x0000000000001e80       0x24 zephyr/drivers/console/libdrivers__console.a(uart_console.c.obj)
 .text.get_dev  0x0000000000001ea4       0x1c zephyr/drivers/gpio/libdrivers__gpio.a(gpio_nrfx.c.obj)
 .text.gpio_nrfx_pin_interrupt_configure
                0x0000000000001ec0       0xc8 zephyr/drivers/gpio/libdrivers__gpio.a(gpio_nrfx.c.obj)
 .text.gpio_nrfx_pin_configure
                0x0000000000001f88      0x114 zephyr/drivers/gpio/libdrivers__gpio.a(gpio_nrfx.c.obj)
 .text.gpio_nrfx_init
                0x000000000000209c       0x3c zephyr/drivers/gpio/libdrivers__gpio.a(gpio_nrfx.c.obj)
 .text.baudrate_set
                0x00000000000020d8      0x150 zephyr/drivers/serial/libdrivers__serial.a(uart_nrfx_uarte.c.obj)
 .text.uarte_nrfx_poll_out
                0x0000000000002228       0x74 zephyr/drivers/serial/libdrivers__serial.a(uart_nrfx_uarte.c.obj)
 .text.endtx_stoptx_ppi_init
                0x000000000000229c       0x48 zephyr/drivers/serial/libdrivers__serial.a(uart_nrfx_uarte.c.obj)
 .text.set_comparator
                0x00000000000022e4       0x14 zephyr/drivers/timer/libdrivers__timer.a(nrf_rtc_timer.c.obj)
 .text.get_comparator
                0x00000000000022f8       0x10 zephyr/drivers/timer/libdrivers__timer.a(nrf_rtc_timer.c.obj)
 .text.event_enable
                0x0000000000002308       0x14 zephyr/drivers/timer/libdrivers__timer.a(nrf_rtc_timer.c.obj)
 .text.event_disable
                0x000000000000231c       0x14 zephyr/drivers/timer/libdrivers__timer.a(nrf_rtc_timer.c.obj)
 .text.counter  0x0000000000002330        0xc zephyr/drivers/timer/libdrivers__timer.a(nrf_rtc_timer.c.obj)
 .text.compare_int_lock
                0x000000000000233c       0x50 zephyr/drivers/timer/libdrivers__timer.a(nrf_rtc_timer.c.obj)
 .text.channel_processing_check_and_clear
                0x000000000000238c       0x78 zephyr/drivers/timer/libdrivers__timer.a(nrf_rtc_timer.c.obj)
 .text.compare_int_unlock
                0x0000000000002404       0x60 zephyr/drivers/timer/libdrivers__timer.a(nrf_rtc_timer.c.obj)
 .text.sys_clock_timeout_handler
                0x0000000000002464       0x78 zephyr/drivers/timer/libdrivers__timer.a(nrf_rtc_timer.c.obj)
 .text.z_nrf_rtc_timer_read
                0x00000000000024dc       0x40 zephyr/drivers/timer/libdrivers__timer.a(nrf_rtc_timer.c.obj)
                0x00000000000024dc                z_nrf_rtc_timer_read
 .text.compare_set_nolocks
                0x000000000000251c       0xa0 zephyr/drivers/timer/libdrivers__timer.a(nrf_rtc_timer.c.obj)
 .text.sys_clock_driver_init
                0x00000000000025bc       0x94 zephyr/drivers/timer/libdrivers__timer.a(nrf_rtc_timer.c.obj)
 .text.process_channel
                0x0000000000002650       0x74 zephyr/drivers/timer/libdrivers__timer.a(nrf_rtc_timer.c.obj)
 .text.rtc_nrf_isr
                0x00000000000026c4       0x44 zephyr/drivers/timer/libdrivers__timer.a(nrf_rtc_timer.c.obj)
                0x00000000000026c4                rtc_nrf_isr
 .text.sys_clock_set_timeout
                0x0000000000002708       0x64 zephyr/drivers/timer/libdrivers__timer.a(nrf_rtc_timer.c.obj)
                0x0000000000002708                sys_clock_set_timeout
 .text.sys_clock_elapsed
                0x000000000000276c       0x14 zephyr/drivers/timer/libdrivers__timer.a(nrf_rtc_timer.c.obj)
                0x000000000000276c                sys_clock_elapsed
 .text.nrf_pin_configure
                0x0000000000002780       0x40 zephyr/drivers/pinctrl/libdrivers__pinctrl.a(pinctrl_nrf.c.obj)
 .text.pinctrl_configure_pins
                0x00000000000027c0      0x3d8 zephyr/drivers/pinctrl/libdrivers__pinctrl.a(pinctrl_nrf.c.obj)
                0x00000000000027c0                pinctrl_configure_pins
 .text.nvmc_wait
                0x0000000000002b98       0x10 modules/hal_nordic/nrfx/libmodules__hal_nordic__nrfx.a(system_nrf52840.c.obj)
                0x0000000000002b98                nvmc_wait
 .text.nvmc_config
                0x0000000000002ba8       0x14 modules/hal_nordic/nrfx/libmodules__hal_nordic__nrfx.a(system_nrf52840.c.obj)
                0x0000000000002ba8                nvmc_config
 .text.SystemCoreClockUpdate
                0x0000000000002bbc       0x10 modules/hal_nordic/nrfx/libmodules__hal_nordic__nrfx.a(system_nrf52840.c.obj)
                0x0000000000002bbc                SystemCoreClockUpdate
 .text.SystemInit
                0x0000000000002bcc      0x1ac modules/hal_nordic/nrfx/libmodules__hal_nordic__nrfx.a(system_nrf52840.c.obj)
                0x0000000000002bcc                SystemInit
 .text.nrfx_flag32_alloc
                0x0000000000002d78       0x50 modules/hal_nordic/nrfx/libmodules__hal_nordic__nrfx.a(nrfx_flag32_allocator.c.obj)
                0x0000000000002d78                nrfx_flag32_alloc
 .text.nrfx_flag32_free
                0x0000000000002dc8       0x44 modules/hal_nordic/nrfx/libmodules__hal_nordic__nrfx.a(nrfx_flag32_allocator.c.obj)
                0x0000000000002dc8                nrfx_flag32_free
 .text.clock_stop
                0x0000000000002e0c       0xd4 modules/hal_nordic/nrfx/libmodules__hal_nordic__nrfx.a(nrfx_clock.c.obj)
 .text.nrfx_clock_init
                0x0000000000002ee0       0x28 modules/hal_nordic/nrfx/libmodules__hal_nordic__nrfx.a(nrfx_clock.c.obj)
                0x0000000000002ee0                nrfx_clock_init
 .text.nrfx_power_clock_irq_handler
                0x0000000000002f08       0x7c modules/hal_nordic/nrfx/libmodules__hal_nordic__nrfx.a(nrfx_clock.c.obj)
                0x0000000000002f08                nrfx_power_clock_irq_handler
 .text.pin_in_use
                0x0000000000002f84       0x14 modules/hal_nordic/nrfx/libmodules__hal_nordic__nrfx.a(nrfx_gpiote.c.obj)
 .text.pin_in_use_by_te
                0x0000000000002f98       0x14 modules/hal_nordic/nrfx/libmodules__hal_nordic__nrfx.a(nrfx_gpiote.c.obj)
 .text.pin_has_trigger
                0x0000000000002fac       0x18 modules/hal_nordic/nrfx/libmodules__hal_nordic__nrfx.a(nrfx_gpiote.c.obj)
 .text.pin_is_output
                0x0000000000002fc4       0x14 modules/hal_nordic/nrfx/libmodules__hal_nordic__nrfx.a(nrfx_gpiote.c.obj)
 .text.pin_te_get
                0x0000000000002fd8       0x10 modules/hal_nordic/nrfx/libmodules__hal_nordic__nrfx.a(nrfx_gpiote.c.obj)
 .text.handler_in_use
                0x0000000000002fe8       0x34 modules/hal_nordic/nrfx/libmodules__hal_nordic__nrfx.a(nrfx_gpiote.c.obj)
 .text.find_handler
                0x000000000000301c       0x2c modules/hal_nordic/nrfx/libmodules__hal_nordic__nrfx.a(nrfx_gpiote.c.obj)
 .text.channel_handler_get
                0x0000000000003048       0x20 modules/hal_nordic/nrfx/libmodules__hal_nordic__nrfx.a(nrfx_gpiote.c.obj)
 .text.call_handler
                0x0000000000003068       0x2c modules/hal_nordic/nrfx/libmodules__hal_nordic__nrfx.a(nrfx_gpiote.c.obj)
 .text.release_handler
                0x0000000000003094       0x44 modules/hal_nordic/nrfx/libmodules__hal_nordic__nrfx.a(nrfx_gpiote.c.obj)
 .text.pin_handler_trigger_uninit
                0x00000000000030d8       0x38 modules/hal_nordic/nrfx/libmodules__hal_nordic__nrfx.a(nrfx_gpiote.c.obj)
 .text.pin_handler_set
                0x0000000000003110       0x6c modules/hal_nordic/nrfx/libmodules__hal_nordic__nrfx.a(nrfx_gpiote.c.obj)
 .text.gpiote_evt_handle
                0x000000000000317c       0x44 modules/hal_nordic/nrfx/libmodules__hal_nordic__nrfx.a(nrfx_gpiote.c.obj)
 .text.latch_pending_read_and_check
                0x00000000000031c0       0x50 modules/hal_nordic/nrfx/libmodules__hal_nordic__nrfx.a(nrfx_gpiote.c.obj)
 .text.next_sense_cond_call_handler
                0x0000000000003210       0xdc modules/hal_nordic/nrfx/libmodules__hal_nordic__nrfx.a(nrfx_gpiote.c.obj)
 .text.port_event_handle
                0x00000000000032ec       0xd4 modules/hal_nordic/nrfx/libmodules__hal_nordic__nrfx.a(nrfx_gpiote.c.obj)
 .text.nrfx_gpiote_input_configure
                0x00000000000033c0      0x170 modules/hal_nordic/nrfx/libmodules__hal_nordic__nrfx.a(nrfx_gpiote.c.obj)
                0x00000000000033c0                nrfx_gpiote_input_configure
 .text.nrfx_gpiote_output_configure
                0x0000000000003530      0x188 modules/hal_nordic/nrfx/libmodules__hal_nordic__nrfx.a(nrfx_gpiote.c.obj)
                0x0000000000003530                nrfx_gpiote_output_configure
 .text.nrfx_gpiote_global_callback_set
                0x00000000000036b8        0xc modules/hal_nordic/nrfx/libmodules__hal_nordic__nrfx.a(nrfx_gpiote.c.obj)
                0x00000000000036b8                nrfx_gpiote_global_callback_set
 .text.nrfx_gpiote_channel_get
                0x00000000000036c4       0x30 modules/hal_nordic/nrfx/libmodules__hal_nordic__nrfx.a(nrfx_gpiote.c.obj)
                0x00000000000036c4                nrfx_gpiote_channel_get
 .text.nrfx_gpiote_init
                0x00000000000036f4       0x54 modules/hal_nordic/nrfx/libmodules__hal_nordic__nrfx.a(nrfx_gpiote.c.obj)
                0x00000000000036f4                nrfx_gpiote_init
 .text.nrfx_gpiote_is_init
                0x0000000000003748       0x14 modules/hal_nordic/nrfx/libmodules__hal_nordic__nrfx.a(nrfx_gpiote.c.obj)
                0x0000000000003748                nrfx_gpiote_is_init
 .text.nrfx_gpiote_channel_free
                0x000000000000375c       0x10 modules/hal_nordic/nrfx/libmodules__hal_nordic__nrfx.a(nrfx_gpiote.c.obj)
                0x000000000000375c                nrfx_gpiote_channel_free
 .text.nrfx_gpiote_channel_alloc
                0x000000000000376c       0x10 modules/hal_nordic/nrfx/libmodules__hal_nordic__nrfx.a(nrfx_gpiote.c.obj)
                0x000000000000376c                nrfx_gpiote_channel_alloc
 .text.nrfx_gpiote_trigger_enable
                0x000000000000377c       0xc8 modules/hal_nordic/nrfx/libmodules__hal_nordic__nrfx.a(nrfx_gpiote.c.obj)
                0x000000000000377c                nrfx_gpiote_trigger_enable
 .text.nrfx_gpiote_trigger_disable
                0x0000000000003844       0x60 modules/hal_nordic/nrfx/libmodules__hal_nordic__nrfx.a(nrfx_gpiote.c.obj)
                0x0000000000003844                nrfx_gpiote_trigger_disable
 .text.nrfx_gpiote_pin_uninit
                0x00000000000038a4       0x48 modules/hal_nordic/nrfx/libmodules__hal_nordic__nrfx.a(nrfx_gpiote.c.obj)
                0x00000000000038a4                nrfx_gpiote_pin_uninit
 .text.nrfx_gpiote_irq_handler
                0x00000000000038ec       0x60 modules/hal_nordic/nrfx/libmodules__hal_nordic__nrfx.a(nrfx_gpiote.c.obj)
                0x00000000000038ec                nrfx_gpiote_irq_handler
 .text.nrfx_ppi_channel_alloc
                0x000000000000394c       0x10 modules/hal_nordic/nrfx/libmodules__hal_nordic__nrfx.a(nrfx_ppi.c.obj)
                0x000000000000394c                nrfx_ppi_channel_alloc
 .text._DoInit  0x000000000000395c       0x6c modules/segger/libmodules__segger.a(SEGGER_RTT.c.obj)
 .text.z_device_state_init
                0x00000000000039c8       0x18 zephyr/kernel/libkernel.a(device.c.obj)
                0x00000000000039c8                z_device_state_init
 .text.z_sys_init_run_level
                0x00000000000039e0       0x50 zephyr/kernel/libkernel.a(device.c.obj)
                0x00000000000039e0                z_sys_init_run_level
 .text.init_idle_thread
                0x0000000000003a30       0x5c zephyr/kernel/libkernel.a(init.c.obj)
 .text.bg_thread_main
                0x0000000000003a8c       0x34 zephyr/kernel/libkernel.a(init.c.obj)
 .text.switch_to_main_thread
                0x0000000000003ac0       0x14 zephyr/kernel/libkernel.a(init.c.obj)
 .text.z_bss_zero
                0x0000000000003ad4       0x18 zephyr/kernel/libkernel.a(init.c.obj)
                0x0000000000003ad4                z_bss_zero
 .text.z_init_cpu
                0x0000000000003aec       0x44 zephyr/kernel/libkernel.a(init.c.obj)
                0x0000000000003aec                z_init_cpu
 .text.prepare_multithreading
                0x0000000000003b30       0x60 zephyr/kernel/libkernel.a(init.c.obj)
 .text.z_cstart
                0x0000000000003b90       0x88 zephyr/kernel/libkernel.a(init.c.obj)
                0x0000000000003b90                z_cstart
 .text.init_mem_slab_module
                0x0000000000003c18       0x24 zephyr/kernel/libkernel.a(mem_slab.c.obj)
 .text.k_mem_slab_alloc
                0x0000000000003c3c       0x68 zephyr/kernel/libkernel.a(mem_slab.c.obj)
                0x0000000000003c3c                k_mem_slab_alloc
 .text.z_thread_monitor_exit
                0x0000000000003ca4       0x40 zephyr/kernel/libkernel.a(thread.c.obj)
                0x0000000000003ca4                z_thread_monitor_exit
 .text.schedule_new_thread
                0x0000000000003ce4       0x1c zephyr/kernel/libkernel.a(thread.c.obj)
 .text.z_setup_new_thread
                0x0000000000003d00       0xc8 zephyr/kernel/libkernel.a(thread.c.obj)
                0x0000000000003d00                z_setup_new_thread
 .text.z_init_static_threads
                0x0000000000003dc8       0x94 zephyr/kernel/libkernel.a(thread.c.obj)
                0x0000000000003dc8                z_init_static_threads
 .text.idle     0x0000000000003e5c       0x3c zephyr/kernel/libkernel.a(idle.c.obj)
                0x0000000000003e5c                idle
 .text.z_impl_k_mutex_lock
                0x0000000000003e98      0x114 zephyr/kernel/libkernel.a(mutex.c.obj)
                0x0000000000003e98                z_impl_k_mutex_lock
 .text.z_impl_k_mutex_unlock
                0x0000000000003fac       0x7c zephyr/kernel/libkernel.a(mutex.c.obj)
                0x0000000000003fac                z_impl_k_mutex_unlock
 .text.z_impl_k_sem_give
                0x0000000000004028       0x48 zephyr/kernel/libkernel.a(sem.c.obj)
                0x0000000000004028                z_impl_k_sem_give
 .text.z_impl_k_sem_take
                0x0000000000004070       0x50 zephyr/kernel/libkernel.a(sem.c.obj)
                0x0000000000004070                z_impl_k_sem_take
 .text.add_thread_timeout
                0x00000000000040c0       0x20 zephyr/kernel/libkernel.a(sched.c.obj)
 .text.z_reset_time_slice
                0x00000000000040e0       0x28 zephyr/kernel/libkernel.a(sched.c.obj)
                0x00000000000040e0                z_reset_time_slice
 .text.k_sched_time_slice_set
                0x0000000000004108       0x74 zephyr/kernel/libkernel.a(sched.c.obj)
                0x0000000000004108                k_sched_time_slice_set
 .text.z_reschedule
                0x000000000000417c       0x38 zephyr/kernel/libkernel.a(sched.c.obj)
                0x000000000000417c                z_reschedule
 .text.k_sched_lock
                0x00000000000041b4       0x34 zephyr/kernel/libkernel.a(sched.c.obj)
                0x00000000000041b4                k_sched_lock
 .text.update_cache
                0x00000000000041e8       0x50 zephyr/kernel/libkernel.a(sched.c.obj)
 .text.move_thread_to_end_of_prio_q
                0x0000000000004238       0x88 zephyr/kernel/libkernel.a(sched.c.obj)
 .text.slice_expired_locked
                0x00000000000042c0       0x28 zephyr/kernel/libkernel.a(sched.c.obj)
 .text.z_time_slice
                0x00000000000042e8       0xb0 zephyr/kernel/libkernel.a(sched.c.obj)
                0x00000000000042e8                z_time_slice
 .text.ready_thread
                0x0000000000004398       0x80 zephyr/kernel/libkernel.a(sched.c.obj)
 .text.z_sched_start
                0x0000000000004418       0x3c zephyr/kernel/libkernel.a(sched.c.obj)
                0x0000000000004418                z_sched_start
 .text.unready_thread
                0x0000000000004454       0x38 zephyr/kernel/libkernel.a(sched.c.obj)
 .text.z_pend_curr
                0x000000000000448c       0x28 zephyr/kernel/libkernel.a(sched.c.obj)
                0x000000000000448c                z_pend_curr
 .text.z_set_prio
                0x00000000000044b4       0xc0 zephyr/kernel/libkernel.a(sched.c.obj)
                0x00000000000044b4                z_set_prio
 .text.z_impl_k_thread_suspend
                0x0000000000004574       0x84 zephyr/kernel/libkernel.a(sched.c.obj)
                0x0000000000004574                z_impl_k_thread_suspend
 .text.k_sched_unlock
                0x00000000000045f8       0x50 zephyr/kernel/libkernel.a(sched.c.obj)
                0x00000000000045f8                k_sched_unlock
 .text.end_thread
                0x0000000000004648       0x9c zephyr/kernel/libkernel.a(sched.c.obj)
 .text.z_sched_init
                0x00000000000046e4       0x18 zephyr/kernel/libkernel.a(sched.c.obj)
                0x00000000000046e4                z_sched_init
 .text.z_impl_k_yield
                0x00000000000046fc       0x88 zephyr/kernel/libkernel.a(sched.c.obj)
                0x00000000000046fc                z_impl_k_yield
 .text.z_tick_sleep
                0x0000000000004784       0x98 zephyr/kernel/libkernel.a(sched.c.obj)
 .text.z_impl_k_sleep
                0x000000000000481c       0x58 zephyr/kernel/libkernel.a(sched.c.obj)
                0x000000000000481c                z_impl_k_sleep
 .text.z_impl_z_current_get
                0x0000000000004874        0xc zephyr/kernel/libkernel.a(sched.c.obj)
                0x0000000000004874                z_impl_z_current_get
 .text.z_thread_abort
                0x0000000000004880       0x70 zephyr/kernel/libkernel.a(sched.c.obj)
                0x0000000000004880                z_thread_abort
 .text.z_data_copy
                0x00000000000048f0       0x34 zephyr/kernel/libkernel.a(xip.c.obj)
                0x00000000000048f0                z_data_copy
 .text.first    0x0000000000004924       0x14 zephyr/kernel/libkernel.a(timeout.c.obj)
 .text.next     0x0000000000004938       0x18 zephyr/kernel/libkernel.a(timeout.c.obj)
 .text.elapsed  0x0000000000004950       0x18 zephyr/kernel/libkernel.a(timeout.c.obj)
 .text.next_timeout
                0x0000000000004968       0x4c zephyr/kernel/libkernel.a(timeout.c.obj)
 .text.z_add_timeout
                0x00000000000049b4      0x118 zephyr/kernel/libkernel.a(timeout.c.obj)
                0x00000000000049b4                z_add_timeout
 .text.sys_clock_announce
                0x0000000000004acc       0xc4 zephyr/kernel/libkernel.a(timeout.c.obj)
                0x0000000000004acc                sys_clock_announce
 .text.sys_clock_tick_get
                0x0000000000004b90       0x40 zephyr/kernel/libkernel.a(timeout.c.obj)
                0x0000000000004b90                sys_clock_tick_get
 .text.boot_banner
                0x0000000000004bd0       0x1c zephyr/kernel/libkernel.a(banner.c.obj)
                0x0000000000004bd0                boot_banner
 .text.nrf_cc3xx_platform_init_no_rng
                0x0000000000004bec       0x38 /home/bem22/code/ncs/v2.1.2/nrfxlib/crypto/nrf_cc310_platform/lib/cortex-m4/soft-float/no-interrupts/libnrf_cc310_platform_0.9.15.a(nrf_cc3xx_platform.c.obj)
                0x0000000000004bec                nrf_cc3xx_platform_init_no_rng
 .text.nrf_cc3xx_platform_abort
                0x0000000000004c24       0x24 /home/bem22/code/ncs/v2.1.2/nrfxlib/crypto/nrf_cc310_platform/lib/cortex-m4/soft-float/no-interrupts/libnrf_cc310_platform_0.9.15.a(nrf_cc3xx_platform_abort.c.obj)
 .text.CC_PalAbort
                0x0000000000004c48       0x34 /home/bem22/code/ncs/v2.1.2/nrfxlib/crypto/nrf_cc310_platform/lib/cortex-m4/soft-float/no-interrupts/libnrf_cc310_platform_0.9.15.a(nrf_cc3xx_platform_abort.c.obj)
                0x0000000000004c48                CC_PalAbort
 .text.nrf_cc3xx_platform_set_abort
                0x0000000000004c7c       0x10 /home/bem22/code/ncs/v2.1.2/nrfxlib/crypto/nrf_cc310_platform/lib/cortex-m4/soft-float/no-interrupts/libnrf_cc310_platform_0.9.15.a(nrf_cc3xx_platform_abort.c.obj)
                0x0000000000004c7c                nrf_cc3xx_platform_set_abort
 .text.mutex_free
                0x0000000000004c8c       0x28 /home/bem22/code/ncs/v2.1.2/nrfxlib/crypto/nrf_cc310_platform/lib/cortex-m4/soft-float/no-interrupts/libnrf_cc310_platform_0.9.15.a(nrf_cc3xx_platform_mutex.c.obj)
 .text.mutex_lock
                0x0000000000004cb4       0x40 /home/bem22/code/ncs/v2.1.2/nrfxlib/crypto/nrf_cc310_platform/lib/cortex-m4/soft-float/no-interrupts/libnrf_cc310_platform_0.9.15.a(nrf_cc3xx_platform_mutex.c.obj)
 .text.mutex_unlock
                0x0000000000004cf4       0x2c /home/bem22/code/ncs/v2.1.2/nrfxlib/crypto/nrf_cc310_platform/lib/cortex-m4/soft-float/no-interrupts/libnrf_cc310_platform_0.9.15.a(nrf_cc3xx_platform_mutex.c.obj)
 .text.mutex_init
                0x0000000000004d20       0x1c /home/bem22/code/ncs/v2.1.2/nrfxlib/crypto/nrf_cc310_platform/lib/cortex-m4/soft-float/no-interrupts/libnrf_cc310_platform_0.9.15.a(nrf_cc3xx_platform_mutex.c.obj)
 .text.nrf_cc3xx_platform_set_mutexes
                0x0000000000004d3c       0x60 /home/bem22/code/ncs/v2.1.2/nrfxlib/crypto/nrf_cc310_platform/lib/cortex-m4/soft-float/no-interrupts/libnrf_cc310_platform_0.9.15.a(nrf_cc3xx_platform_mutex.c.obj)
                0x0000000000004d3c                nrf_cc3xx_platform_set_mutexes
 .text.CC_LibInitNoRng
                0x0000000000004d9c       0x64 /home/bem22/code/ncs/v2.1.2/nrfxlib/crypto/nrf_cc310_platform/lib/cortex-m4/soft-float/no-interrupts/libnrf_cc310_platform_0.9.15.a(cc_lib.c.obj)
                0x0000000000004d9c                CC_LibInitNoRng
 .text.CC_HalInit
                0x0000000000004e00        0x4 /home/bem22/code/ncs/v2.1.2/nrfxlib/crypto/nrf_cc310_platform/lib/cortex-m4/soft-float/no-interrupts/libnrf_cc310_platform_0.9.15.a(cc_hal.c.obj)
                0x0000000000004e00                CC_HalInit
 .text.CC_HalTerminate
                0x0000000000004e04        0x4 /home/bem22/code/ncs/v2.1.2/nrfxlib/crypto/nrf_cc310_platform/lib/cortex-m4/soft-float/no-interrupts/libnrf_cc310_platform_0.9.15.a(cc_hal.c.obj)
                0x0000000000004e04                CC_HalTerminate
 .text.CC_HalMaskInterrupt
                0x0000000000004e08        0xc /home/bem22/code/ncs/v2.1.2/nrfxlib/crypto/nrf_cc310_platform/lib/cortex-m4/soft-float/no-interrupts/libnrf_cc310_platform_0.9.15.a(cc_hal.c.obj)
                0x0000000000004e08                CC_HalMaskInterrupt
 .text.CC_PalInit
                0x0000000000004e14       0x5c /home/bem22/code/ncs/v2.1.2/nrfxlib/crypto/nrf_cc310_platform/lib/cortex-m4/soft-float/no-interrupts/libnrf_cc310_platform_0.9.15.a(cc_pal.c.obj)
                0x0000000000004e14                CC_PalInit
 .text.CC_PalTerminate
                0x0000000000004e70       0x34 /home/bem22/code/ncs/v2.1.2/nrfxlib/crypto/nrf_cc310_platform/lib/cortex-m4/soft-float/no-interrupts/libnrf_cc310_platform_0.9.15.a(cc_pal.c.obj)
                0x0000000000004e70                CC_PalTerminate
 .text.CC_PalDmaInit
                0x0000000000004ea4        0x4 /home/bem22/code/ncs/v2.1.2/nrfxlib/crypto/nrf_cc310_platform/lib/cortex-m4/soft-float/no-interrupts/libnrf_cc310_platform_0.9.15.a(cc_pal_dma.c.obj)
                0x0000000000004ea4                CC_PalDmaInit
 .text.CC_PalDmaTerminate
                0x0000000000004ea8        0x4 /home/bem22/code/ncs/v2.1.2/nrfxlib/crypto/nrf_cc310_platform/lib/cortex-m4/soft-float/no-interrupts/libnrf_cc310_platform_0.9.15.a(cc_pal_dma.c.obj)
                0x0000000000004ea8                CC_PalDmaTerminate
 .text.CC_PalMutexCreate
                0x0000000000004eac       0x14 /home/bem22/code/ncs/v2.1.2/nrfxlib/crypto/nrf_cc310_platform/lib/cortex-m4/soft-float/no-interrupts/libnrf_cc310_platform_0.9.15.a(cc_pal_mutex.c.obj)
                0x0000000000004eac                CC_PalMutexCreate
 .text.CC_PalMutexDestroy
                0x0000000000004ec0       0x14 /home/bem22/code/ncs/v2.1.2/nrfxlib/crypto/nrf_cc310_platform/lib/cortex-m4/soft-float/no-interrupts/libnrf_cc310_platform_0.9.15.a(cc_pal_mutex.c.obj)
                0x0000000000004ec0                CC_PalMutexDestroy
 .text.CC_PalPowerSaveModeInit
                0x0000000000004ed4       0x3c /home/bem22/code/ncs/v2.1.2/nrfxlib/crypto/nrf_cc310_platform/lib/cortex-m4/soft-float/no-interrupts/libnrf_cc310_platform_0.9.15.a(cc_pal_pm.c.obj)
                0x0000000000004ed4                CC_PalPowerSaveModeInit
 .text.CC_PalPowerSaveModeSelect
                0x0000000000004f10       0x84 /home/bem22/code/ncs/v2.1.2/nrfxlib/crypto/nrf_cc310_platform/lib/cortex-m4/soft-float/no-interrupts/libnrf_cc310_platform_0.9.15.a(cc_pal_pm.c.obj)
                0x0000000000004f10                CC_PalPowerSaveModeSelect
 .text.sys_notify_validate
                0x0000000000004f94       0x2e zephyr/libzephyr.a(notify.c.obj)
                0x0000000000004f94                sys_notify_validate
 .text.sys_notify_finalize
                0x0000000000004fc2       0x1a zephyr/libzephyr.a(notify.c.obj)
                0x0000000000004fc2                sys_notify_finalize
 .text.arch_printk_char_out
                0x0000000000004fdc        0x4 zephyr/libzephyr.a(printk.c.obj)
                0x0000000000004fdc                arch_printk_char_out
 .text.printk   0x0000000000004fe0       0x1c zephyr/libzephyr.a(printk.c.obj)
                0x0000000000004fe0                printk
 .text.set_state
                0x0000000000004ffc       0x10 zephyr/libzephyr.a(onoff.c.obj)
 .text.notify_monitors
                0x000000000000500c       0x3e zephyr/libzephyr.a(onoff.c.obj)
 .text.process_recheck
                0x000000000000504a       0x32 zephyr/libzephyr.a(onoff.c.obj)
 .text.process_complete
                0x000000000000507c       0x9c zephyr/libzephyr.a(onoff.c.obj)
 .text.validate_args
                0x0000000000005118       0x2c zephyr/libzephyr.a(onoff.c.obj)
 .text.notify_one
                0x0000000000005144       0x26 zephyr/libzephyr.a(onoff.c.obj)
 .text.notify_all
                0x000000000000516a       0x2e zephyr/libzephyr.a(onoff.c.obj)
 .text.transition_complete
                0x0000000000005198       0x1c zephyr/libzephyr.a(onoff.c.obj)
 .text.onoff_manager_init
                0x00000000000051b4       0x3a zephyr/libzephyr.a(onoff.c.obj)
                0x00000000000051b4                onoff_manager_init
 .text.onoff_request
                0x00000000000051ee       0xb8 zephyr/libzephyr.a(onoff.c.obj)
                0x00000000000051ee                onoff_request
 .text.z_thread_entry
                0x00000000000052a6       0x14 zephyr/libzephyr.a(thread_entry.c.obj)
                0x00000000000052a6                z_thread_entry
 .text.extract_decimal
                0x00000000000052ba       0x24 zephyr/libzephyr.a(cbprintf_complete.c.obj)
 .text.encode_uint
                0x00000000000052de       0xd4 zephyr/libzephyr.a(cbprintf_complete.c.obj)
 .text.outs     0x00000000000053b2       0x34 zephyr/libzephyr.a(cbprintf_complete.c.obj)
 .text._ConfigAbsSyms
                0x00000000000053e6        0x2 zephyr/libzephyr.a(configs.c.obj)
                0x00000000000053e6                _ConfigAbsSyms
 .text.pm_policy_state_lock_is_active
                0x00000000000053e8        0x4 zephyr/libzephyr.a(policy.c.obj)
                0x00000000000053e8                pm_policy_state_lock_is_active
 .text.abort_function
                0x00000000000053ec        0x8 zephyr/libzephyr.a(nrf_cc3xx_platform_abort_zephyr.c.obj)
 .text.z_arm_fatal_error
                0x00000000000053f4        0x8 zephyr/arch/arch/arm/core/aarch32/libarch__arm__core__aarch32.a(fatal.c.obj)
                0x00000000000053f4                z_arm_fatal_error
 .text.z_do_kernel_oops
                0x00000000000053fc        0xc zephyr/arch/arch/arm/core/aarch32/libarch__arm__core__aarch32.a(fatal.c.obj)
                0x00000000000053fc                z_do_kernel_oops
 .text.z_irq_spurious
                0x0000000000005408        0xc zephyr/arch/arch/arm/core/aarch32/libarch__arm__core__aarch32.a(irq_manage.c.obj)
                0x0000000000005408                z_irq_spurious
 .text.z_arm_nmi
                0x0000000000005414        0xc zephyr/arch/arch/arm/core/aarch32/libarch__arm__core__aarch32.a(nmi.c.obj)
                0x0000000000005414                z_arm_nmi
 .text.memory_fault_recoverable
                0x0000000000005420        0x4 zephyr/arch/arch/arm/core/aarch32/cortex_m/libarch__arm__core__aarch32__cortex_m.a(fault.c.obj)
 .text.debug_monitor
                0x0000000000005424        0x6 zephyr/arch/arch/arm/core/aarch32/cortex_m/libarch__arm__core__aarch32__cortex_m.a(fault.c.obj)
 .text.fault_handle
                0x000000000000542a       0x46 zephyr/arch/arch/arm/core/aarch32/cortex_m/libarch__arm__core__aarch32__cortex_m.a(fault.c.obj)
 .text.mpu_partition_is_valid
                0x0000000000005470       0x22 zephyr/arch/arch/arm/core/aarch32/mpu/libarch__arm__core__aarch32__mpu.a(arm_mpu.c.obj)
 .text.region_allocate_and_init
                0x0000000000005492       0x16 zephyr/arch/arch/arm/core/aarch32/mpu/libarch__arm__core__aarch32__mpu.a(arm_mpu.c.obj)
 .text.mpu_configure_region
                0x00000000000054a8       0x3e zephyr/arch/arch/arm/core/aarch32/mpu/libarch__arm__core__aarch32__mpu.a(arm_mpu.c.obj)
 .text.mpu_configure_regions
                0x00000000000054e6       0x50 zephyr/arch/arch/arm/core/aarch32/mpu/libarch__arm__core__aarch32__mpu.a(arm_mpu.c.obj)
 .text.arm_core_mpu_configure_static_mpu_regions
                0x0000000000005536        0x8 zephyr/arch/arch/arm/core/aarch32/mpu/libarch__arm__core__aarch32__mpu.a(arm_mpu.c.obj)
                0x0000000000005536                arm_core_mpu_configure_static_mpu_regions
 .text.arm_core_mpu_configure_dynamic_mpu_regions
                0x000000000000553e        0x8 zephyr/arch/arch/arm/core/aarch32/mpu/libarch__arm__core__aarch32__mpu.a(arm_mpu.c.obj)
                0x000000000000553e                arm_core_mpu_configure_dynamic_mpu_regions
 .text.strcpy   0x0000000000005546       0x14 zephyr/lib/libc/minimal/liblib__libc__minimal.a(string.c.obj)
                0x0000000000005546                strcpy
 .text.strncpy  0x000000000000555a       0x34 zephyr/lib/libc/minimal/liblib__libc__minimal.a(string.c.obj)
                0x000000000000555a                strncpy
 .text.strlen   0x000000000000558e       0x12 zephyr/lib/libc/minimal/liblib__libc__minimal.a(string.c.obj)
                0x000000000000558e                strlen
 .text.strnlen  0x00000000000055a0       0x14 zephyr/lib/libc/minimal/liblib__libc__minimal.a(string.c.obj)
                0x00000000000055a0                strnlen
 .text.memcpy   0x00000000000055b4       0x5e zephyr/lib/libc/minimal/liblib__libc__minimal.a(string.c.obj)
                0x00000000000055b4                memcpy
 .text.memset   0x0000000000005612       0x3c zephyr/lib/libc/minimal/liblib__libc__minimal.a(string.c.obj)
                0x0000000000005612                memset
 .text._stdout_hook_default
                0x000000000000564e        0x6 zephyr/lib/libc/minimal/liblib__libc__minimal.a(stdout_console.c.obj)
 .text.nrf52_errata_197
                0x0000000000005654       0x20 zephyr/soc/arm/nordic_nrf/nrf52/libsoc__arm__nordic_nrf__nrf52.a(soc.c.obj)
 .text.pm_state_set
                0x0000000000005674       0x18 zephyr/soc/arm/nordic_nrf/nrf52/libsoc__arm__nordic_nrf__nrf52.a(power.c.obj)
                0x0000000000005674                pm_state_set
 .text.pm_state_exit_post_ops
                0x000000000000568c        0xc zephyr/soc/arm/nordic_nrf/nrf52/libsoc__arm__nordic_nrf__nrf52.a(power.c.obj)
                0x000000000000568c                pm_state_exit_post_ops
 .text.get_sub_data
                0x0000000000005698        0xe zephyr/drivers/clock_control/libdrivers__clock_control.a(clock_control_nrf.c.obj)
 .text.get_sub_config
                0x00000000000056a6        0x8 zephyr/drivers/clock_control/libdrivers__clock_control.a(clock_control_nrf.c.obj)
 .text.get_onoff_manager
                0x00000000000056ae        0xc zephyr/drivers/clock_control/libdrivers__clock_control.a(clock_control_nrf.c.obj)
 .text.get_status
                0x00000000000056ba       0x10 zephyr/drivers/clock_control/libdrivers__clock_control.a(clock_control_nrf.c.obj)
 .text.set_off_state
                0x00000000000056ca       0x32 zephyr/drivers/clock_control/libdrivers__clock_control.a(clock_control_nrf.c.obj)
 .text.set_starting_state
                0x00000000000056fc       0x3c zephyr/drivers/clock_control/libdrivers__clock_control.a(clock_control_nrf.c.obj)
 .text.set_on_state
                0x0000000000005738       0x26 zephyr/drivers/clock_control/libdrivers__clock_control.a(clock_control_nrf.c.obj)
 .text.clkstarted_handle
                0x000000000000575e       0x24 zephyr/drivers/clock_control/libdrivers__clock_control.a(clock_control_nrf.c.obj)
 .text.stop     0x0000000000005782       0x2a zephyr/drivers/clock_control/libdrivers__clock_control.a(clock_control_nrf.c.obj)
 .text.api_stop
                0x00000000000057ac        0xa zephyr/drivers/clock_control/libdrivers__clock_control.a(clock_control_nrf.c.obj)
 .text.async_start
                0x00000000000057b6       0x38 zephyr/drivers/clock_control/libdrivers__clock_control.a(clock_control_nrf.c.obj)
 .text.api_start
                0x00000000000057ee       0x10 zephyr/drivers/clock_control/libdrivers__clock_control.a(clock_control_nrf.c.obj)
 .text.onoff_started_callback
                0x00000000000057fe       0x10 zephyr/drivers/clock_control/libdrivers__clock_control.a(clock_control_nrf.c.obj)
 .text.hfclk_start
                0x000000000000580e        0xa zephyr/drivers/clock_control/libdrivers__clock_control.a(clock_control_nrf.c.obj)
 .text.lfclk_start
                0x0000000000005818        0xa zephyr/drivers/clock_control/libdrivers__clock_control.a(clock_control_nrf.c.obj)
 .text.hfclk_stop
                0x0000000000005822        0xa zephyr/drivers/clock_control/libdrivers__clock_control.a(clock_control_nrf.c.obj)
 .text.lfclk_stop
                0x000000000000582c        0xa zephyr/drivers/clock_control/libdrivers__clock_control.a(clock_control_nrf.c.obj)
 .text.blocking_start_callback
                0x0000000000005836        0xa zephyr/drivers/clock_control/libdrivers__clock_control.a(clock_control_nrf.c.obj)
 .text.get_drive
                0x0000000000005840       0x86 zephyr/drivers/gpio/libdrivers__gpio.a(gpio_nrfx.c.obj)
 .text.get_pull
                0x00000000000058c6       0x18 zephyr/drivers/gpio/libdrivers__gpio.a(gpio_nrfx.c.obj)
 .text.gpio_nrfx_port_get_raw
                0x00000000000058de        0xe zephyr/drivers/gpio/libdrivers__gpio.a(gpio_nrfx.c.obj)
 .text.gpio_nrfx_port_set_masked_raw
                0x00000000000058ec       0x18 zephyr/drivers/gpio/libdrivers__gpio.a(gpio_nrfx.c.obj)
 .text.gpio_nrfx_port_set_bits_raw
                0x0000000000005904        0xc zephyr/drivers/gpio/libdrivers__gpio.a(gpio_nrfx.c.obj)
 .text.gpio_nrfx_port_clear_bits_raw
                0x0000000000005910        0xc zephyr/drivers/gpio/libdrivers__gpio.a(gpio_nrfx.c.obj)
 .text.gpio_nrfx_port_toggle_bits
                0x000000000000591c       0x1a zephyr/drivers/gpio/libdrivers__gpio.a(gpio_nrfx.c.obj)
 .text.get_trigger
                0x0000000000005936       0x2c zephyr/drivers/gpio/libdrivers__gpio.a(gpio_nrfx.c.obj)
 .text.gpio_nrfx_manage_callback
                0x0000000000005962       0x72 zephyr/drivers/gpio/libdrivers__gpio.a(gpio_nrfx.c.obj)
 .text.nrfx_gpio_handler
                0x00000000000059d4       0x48 zephyr/drivers/gpio/libdrivers__gpio.a(gpio_nrfx.c.obj)
 .text.endtx_isr
                0x0000000000005a1c       0x32 zephyr/drivers/serial/libdrivers__serial.a(uart_nrfx_uarte.c.obj)
 .text.uarte_nrfx_isr_int
                0x0000000000005a4e       0x52 zephyr/drivers/serial/libdrivers__serial.a(uart_nrfx_uarte.c.obj)
 .text.uarte_nrfx_configure
                0x0000000000005aa0       0xa6 zephyr/drivers/serial/libdrivers__serial.a(uart_nrfx_uarte.c.obj)
 .text.uarte_nrfx_config_get
                0x0000000000005b46       0x12 zephyr/drivers/serial/libdrivers__serial.a(uart_nrfx_uarte.c.obj)
 .text.uarte_nrfx_err_check
                0x0000000000005b58        0xe zephyr/drivers/serial/libdrivers__serial.a(uart_nrfx_uarte.c.obj)
 .text.is_tx_ready
                0x0000000000005b66       0x28 zephyr/drivers/serial/libdrivers__serial.a(uart_nrfx_uarte.c.obj)
 .text.uarte_enable
                0x0000000000005b8e        0xc zephyr/drivers/serial/libdrivers__serial.a(uart_nrfx_uarte.c.obj)
 .text.tx_start
                0x0000000000005b9a       0x3e zephyr/drivers/serial/libdrivers__serial.a(uart_nrfx_uarte.c.obj)
 .text.uarte_nrfx_poll_in
                0x0000000000005bd8       0x2c zephyr/drivers/serial/libdrivers__serial.a(uart_nrfx_uarte.c.obj)
 .text.wait_tx_ready
                0x0000000000005c04       0x4e zephyr/drivers/serial/libdrivers__serial.a(uart_nrfx_uarte.c.obj)
 .text.uarte_instance_init
                0x0000000000005c52       0xc2 zephyr/drivers/serial/libdrivers__serial.a(uart_nrfx_uarte.c.obj)
 .text.uarte_0_init
                0x0000000000005d14       0x1e zephyr/drivers/serial/libdrivers__serial.a(uart_nrfx_uarte.c.obj)
 .text.uarte_1_init
                0x0000000000005d32       0x1e zephyr/drivers/serial/libdrivers__serial.a(uart_nrfx_uarte.c.obj)
 .text.sys_clock_idle_exit
                0x0000000000005d50        0x2 zephyr/drivers/timer/libdrivers__timer.a(sys_clock_init.c.obj)
                0x0000000000005d50                sys_clock_idle_exit
 .text.counter_sub
                0x0000000000005d52        0x8 zephyr/drivers/timer/libdrivers__timer.a(nrf_rtc_timer.c.obj)
 .text.event_clear
                0x0000000000005d5a       0x18 zephyr/drivers/timer/libdrivers__timer.a(nrf_rtc_timer.c.obj)
 .text.absolute_time_to_cc
                0x0000000000005d72        0x6 zephyr/drivers/timer/libdrivers__timer.a(nrf_rtc_timer.c.obj)
 .text.full_int_lock
                0x0000000000005d78       0x12 zephyr/drivers/timer/libdrivers__timer.a(nrf_rtc_timer.c.obj)
 .text.full_int_unlock
                0x0000000000005d8a        0xa zephyr/drivers/timer/libdrivers__timer.a(nrf_rtc_timer.c.obj)
 .text.set_absolute_alarm
                0x0000000000005d94       0x76 zephyr/drivers/timer/libdrivers__timer.a(nrf_rtc_timer.c.obj)
 .text.compare_set
                0x0000000000005e0a       0x32 zephyr/drivers/timer/libdrivers__timer.a(nrf_rtc_timer.c.obj)
 .text.pinctrl_lookup_state
                0x0000000000005e3c       0x34 zephyr/drivers/pinctrl/libdrivers__pinctrl.a(common.c.obj)
                0x0000000000005e3c                pinctrl_lookup_state
 .text.k_sys_fatal_error_handler
                0x0000000000005e70        0x8 modules/nrf/lib/fatal_error/lib..__nrf__lib__fatal_error.a(fatal_error.c.obj)
                0x0000000000005e70                k_sys_fatal_error_handler
 .text.hw_cc3xx_init_internal
                0x0000000000005e78        0x8 modules/nrf/drivers/hw_cc310/lib..__nrf__drivers__hw_cc310.a(hw_cc310.c.obj)
 .text.hw_cc3xx_init
                0x0000000000005e80       0x14 modules/nrf/drivers/hw_cc310/lib..__nrf__drivers__hw_cc310.a(hw_cc310.c.obj)
 .text.nrf52_errata_36
                0x0000000000005e94       0x14 modules/hal_nordic/nrfx/libmodules__hal_nordic__nrfx.a(system_nrf52840.c.obj)
 .text.nrf52_errata_66
                0x0000000000005ea8       0x14 modules/hal_nordic/nrfx/libmodules__hal_nordic__nrfx.a(system_nrf52840.c.obj)
 .text.nrf52_errata_98
                0x0000000000005ebc       0x26 modules/hal_nordic/nrfx/libmodules__hal_nordic__nrfx.a(system_nrf52840.c.obj)
 .text.nrf52_errata_103
                0x0000000000005ee2       0x26 modules/hal_nordic/nrfx/libmodules__hal_nordic__nrfx.a(system_nrf52840.c.obj)
 .text.nrf52_errata_115
                0x0000000000005f08       0x26 modules/hal_nordic/nrfx/libmodules__hal_nordic__nrfx.a(system_nrf52840.c.obj)
 .text.nrf52_errata_120
                0x0000000000005f2e       0x26 modules/hal_nordic/nrfx/libmodules__hal_nordic__nrfx.a(system_nrf52840.c.obj)
 .text.nrf52_errata_136
                0x0000000000005f54       0x14 modules/hal_nordic/nrfx/libmodules__hal_nordic__nrfx.a(system_nrf52840.c.obj)
 .text.nrf52_configuration_249
                0x0000000000005f68       0x20 modules/hal_nordic/nrfx/libmodules__hal_nordic__nrfx.a(system_nrf52840.c.obj)
 .text.nrfx_isr
                0x0000000000005f88        0x6 modules/hal_nordic/nrfx/libmodules__hal_nordic__nrfx.a(nrfx_glue.c.obj)
                0x0000000000005f88                nrfx_isr
 .text.nrfx_busy_wait
                0x0000000000005f8e        0x8 modules/hal_nordic/nrfx/libmodules__hal_nordic__nrfx.a(nrfx_glue.c.obj)
                0x0000000000005f8e                nrfx_busy_wait
 .text.clock_initial_lfclksrc_get
                0x0000000000005f96        0x4 modules/hal_nordic/nrfx/libmodules__hal_nordic__nrfx.a(nrfx_clock.c.obj)
 .text.clock_lfclksrc_tweak
                0x0000000000005f9a       0x2c modules/hal_nordic/nrfx/libmodules__hal_nordic__nrfx.a(nrfx_clock.c.obj)
 .text.nrfx_clock_enable
                0x0000000000005fc6       0x1e modules/hal_nordic/nrfx/libmodules__hal_nordic__nrfx.a(nrfx_clock.c.obj)
                0x0000000000005fc6                nrfx_clock_enable
 .text.nrfx_clock_start
                0x0000000000005fe4       0xa0 modules/hal_nordic/nrfx/libmodules__hal_nordic__nrfx.a(nrfx_clock.c.obj)
                0x0000000000005fe4                nrfx_clock_start
 .text.nrfx_clock_stop
                0x0000000000006084        0x8 modules/hal_nordic/nrfx/libmodules__hal_nordic__nrfx.a(nrfx_clock.c.obj)
                0x0000000000006084                nrfx_clock_stop
 .text.pin_is_task_output
                0x000000000000608c       0x1e modules/hal_nordic/nrfx/libmodules__hal_nordic__nrfx.a(nrfx_gpiote.c.obj)
 .text.pin_is_input
                0x00000000000060aa        0xe modules/hal_nordic/nrfx/libmodules__hal_nordic__nrfx.a(nrfx_gpiote.c.obj)
 .text.gpiote_polarity_to_trigger
                0x00000000000060b8        0x2 modules/hal_nordic/nrfx/libmodules__hal_nordic__nrfx.a(nrfx_gpiote.c.obj)
 .text.gpiote_trigger_to_polarity
                0x00000000000060ba        0x2 modules/hal_nordic/nrfx/libmodules__hal_nordic__nrfx.a(nrfx_gpiote.c.obj)
 .text.is_level
                0x00000000000060bc        0xa modules/hal_nordic/nrfx/libmodules__hal_nordic__nrfx.a(nrfx_gpiote.c.obj)
 .text.SEGGER_RTT_Init
                0x00000000000060c6        0x8 modules/segger/libmodules__segger.a(SEGGER_RTT.c.obj)
                0x00000000000060c6                SEGGER_RTT_Init
 .text.rtt_init
                0x00000000000060ce        0xa modules/segger/libmodules__segger.a(SEGGER_RTT_zephyr.c.obj)
 .text.z_device_is_ready
                0x00000000000060d8       0x1a zephyr/kernel/libkernel.a(device.c.obj)
                0x00000000000060d8                z_device_is_ready
 .text.z_fatal_error
                0x00000000000060f2       0x34 zephyr/kernel/libkernel.a(fatal.c.obj)
                0x00000000000060f2                z_fatal_error
 .text.z_early_memset
                0x0000000000006126        0x8 zephyr/kernel/libkernel.a(init.c.obj)
                0x0000000000006126                z_early_memset
 .text.z_early_memcpy
                0x000000000000612e        0x8 zephyr/kernel/libkernel.a(init.c.obj)
                0x000000000000612e                z_early_memcpy
 .text.create_free_list
                0x0000000000006136       0x2e zephyr/kernel/libkernel.a(mem_slab.c.obj)
 .text.k_mem_slab_init
                0x0000000000006164       0x1c zephyr/kernel/libkernel.a(mem_slab.c.obj)
                0x0000000000006164                k_mem_slab_init
 .text.k_mem_slab_free
                0x0000000000006180       0x58 zephyr/kernel/libkernel.a(mem_slab.c.obj)
                0x0000000000006180                k_mem_slab_free
 .text.setup_thread_stack
                0x00000000000061d8       0x24 zephyr/kernel/libkernel.a(thread.c.obj)
 .text.k_is_in_isr
                0x00000000000061fc        0xc zephyr/kernel/libkernel.a(thread.c.obj)
                0x00000000000061fc                k_is_in_isr
 .text.z_impl_k_thread_start
                0x0000000000006208        0x8 zephyr/kernel/libkernel.a(thread.c.obj)
                0x0000000000006208                z_impl_k_thread_start
 .text.z_init_thread_base
                0x0000000000006210       0x16 zephyr/kernel/libkernel.a(thread.c.obj)
                0x0000000000006210                z_init_thread_base
 .text.z_pm_save_idle_exit
                0x0000000000006226        0xc zephyr/kernel/libkernel.a(idle.c.obj)
                0x0000000000006226                z_pm_save_idle_exit
 .text.new_prio_for_inheritance
                0x0000000000006232       0x16 zephyr/kernel/libkernel.a(mutex.c.obj)
 .text.adjust_owner_prio
                0x0000000000006248       0x16 zephyr/kernel/libkernel.a(mutex.c.obj)
 .text.z_impl_k_mutex_init
                0x000000000000625e        0xe zephyr/kernel/libkernel.a(mutex.c.obj)
                0x000000000000625e                z_impl_k_mutex_init
 .text.thread_active_elsewhere
                0x000000000000626c        0x4 zephyr/kernel/libkernel.a(sched.c.obj)
 .text.pended_on_thread
                0x0000000000006270        0x4 zephyr/kernel/libkernel.a(sched.c.obj)
 .text.z_sched_prio_cmp
                0x0000000000006274       0x14 zephyr/kernel/libkernel.a(sched.c.obj)
                0x0000000000006274                z_sched_prio_cmp
 .text.z_reschedule_irqlock
                0x0000000000006288       0x2a zephyr/kernel/libkernel.a(sched.c.obj)
                0x0000000000006288                z_reschedule_irqlock
 .text.z_priq_dumb_remove
                0x00000000000062b2       0x10 zephyr/kernel/libkernel.a(sched.c.obj)
                0x00000000000062b2                z_priq_dumb_remove
 .text.z_priq_dumb_best
                0x00000000000062c2        0xe zephyr/kernel/libkernel.a(sched.c.obj)
                0x00000000000062c2                z_priq_dumb_best
 .text.z_ready_thread
                0x00000000000062d0       0x38 zephyr/kernel/libkernel.a(sched.c.obj)
                0x00000000000062d0                z_ready_thread
 .text.z_thread_timeout
                0x0000000000006308       0x70 zephyr/kernel/libkernel.a(sched.c.obj)
                0x0000000000006308                z_thread_timeout
 .text.add_to_waitq_locked
                0x0000000000006378       0x54 zephyr/kernel/libkernel.a(sched.c.obj)
 .text.pend     0x00000000000063cc       0x44 zephyr/kernel/libkernel.a(sched.c.obj)
 .text.z_unpend_first_thread
                0x0000000000006410       0x56 zephyr/kernel/libkernel.a(sched.c.obj)
                0x0000000000006410                z_unpend_first_thread
 .text.init_ready_q
                0x0000000000006466        0x8 zephyr/kernel/libkernel.a(sched.c.obj)
                0x0000000000006466                init_ready_q
 .text.remove_timeout
                0x000000000000646e       0x2e zephyr/kernel/libkernel.a(timeout.c.obj)
 .text.z_abort_timeout
                0x000000000000649c       0x3c zephyr/kernel/libkernel.a(timeout.c.obj)
                0x000000000000649c                z_abort_timeout
 .text.z_get_next_timeout_expiry
                0x00000000000064d8       0x2e zephyr/kernel/libkernel.a(timeout.c.obj)
                0x00000000000064d8                z_get_next_timeout_expiry
 .text.z_set_timeout_expiry
                0x0000000000006506       0x56 zephyr/kernel/libkernel.a(timeout.c.obj)
                0x0000000000006506                z_set_timeout_expiry
 .text.sys_clock_tick_get_32
                0x000000000000655c        0x8 zephyr/kernel/libkernel.a(timeout.c.obj)
                0x000000000000655c                sys_clock_tick_get_32
 .text.z_impl_k_busy_wait
                0x0000000000006564        0xc zephyr/kernel/libkernel.a(timeout.c.obj)
                0x0000000000006564                z_impl_k_busy_wait
 .text._OffsetAbsSyms
                0x0000000000006570        0x2 zephyr/CMakeFiles/offsets.dir/./arch/arm/core/offsets/offsets.c.obj
                0x0000000000006570                _OffsetAbsSyms
 *(SORT_BY_ALIGNMENT(.TEXT.*))
 *(SORT_BY_ALIGNMENT(.gnu.linkonce.t.*))
 *(SORT_BY_ALIGNMENT(.glue_7t))
 .glue_7t       0x0000000000006572        0x0 linker stubs
 *(SORT_BY_ALIGNMENT(.glue_7))
 .glue_7        0x0000000000006572        0x0 linker stubs
 *(SORT_BY_ALIGNMENT(.vfp11_veneer))
 .vfp11_veneer  0x0000000000006572        0x0 linker stubs
 *(SORT_BY_ALIGNMENT(.v4_bx))
 .v4_bx         0x0000000000006572        0x0 linker stubs
                0x0000000000006572                __text_region_end = .

.ARM.exidx      0x0000000000006574        0x8
                0x0000000000006574                __exidx_start = .
 *(SORT_BY_ALIGNMENT(.ARM.exidx*) SORT_BY_ALIGNMENT(gnu.linkonce.armexidx.*))
 .ARM.exidx     0x0000000000006574        0x8 /home/bem22/code/ncs/toolchains/v2.1.2/opt/zephyr-sdk/arm-zephyr-eabi/bin/../lib/gcc/arm-zephyr-eabi/10.3.0/thumb/v7e-m/nofp/libgcc.a(_udivmoddi4.o)
                0x000000000000657c                __exidx_end = .
                0x000000000000657c                __rodata_region_start = .

initlevel       0x000000000000657c       0x60
                0x000000000000657c                __init_start = .
                0x000000000000657c                __init_PRE_KERNEL_1_start = .
 *(SORT_BY_NAME(SORT_BY_ALIGNMENT(.z_init_PRE_KERNEL_1[0-9]_*)))
 .z_init_PRE_KERNEL_10_
                0x000000000000657c        0x8 zephyr/soc/arm/nordic_nrf/nrf52/libsoc__arm__nordic_nrf__nrf52.a(soc.c.obj)
 *(SORT_BY_NAME(SORT_BY_ALIGNMENT(.z_init_PRE_KERNEL_1[1-9][0-9]_*)))
 .z_init_PRE_KERNEL_130_
                0x0000000000006584        0x8 zephyr/drivers/clock_control/libdrivers__clock_control.a(clock_control_nrf.c.obj)
 .z_init_PRE_KERNEL_130_
                0x000000000000658c        0x8 modules/segger/libmodules__segger.a(SEGGER_RTT_zephyr.c.obj)
 .z_init_PRE_KERNEL_130_
                0x0000000000006594        0x8 zephyr/kernel/libkernel.a(mem_slab.c.obj)
 .z_init_PRE_KERNEL_140_
                0x000000000000659c       0x10 zephyr/drivers/gpio/libdrivers__gpio.a(gpio_nrfx.c.obj)
 .z_init_PRE_KERNEL_140_
                0x00000000000065ac        0x8 modules/nrf/drivers/hw_cc310/lib..__nrf__drivers__hw_cc310.a(hw_cc310.c.obj)
 .z_init_PRE_KERNEL_155_
                0x00000000000065b4       0x10 zephyr/drivers/serial/libdrivers__serial.a(uart_nrfx_uarte.c.obj)
 .z_init_PRE_KERNEL_160_
                0x00000000000065c4        0x8 zephyr/drivers/console/libdrivers__console.a(uart_console.c.obj)
                0x00000000000065cc                __init_PRE_KERNEL_2_start = .
 *(SORT_BY_NAME(SORT_BY_ALIGNMENT(.z_init_PRE_KERNEL_2[0-9]_*)))
 .z_init_PRE_KERNEL_20_
                0x00000000000065cc        0x8 zephyr/drivers/timer/libdrivers__timer.a(nrf_rtc_timer.c.obj)
 *(SORT_BY_NAME(SORT_BY_ALIGNMENT(.z_init_PRE_KERNEL_2[1-9][0-9]_*)))
                0x00000000000065d4                __init_POST_KERNEL_start = .
 *(SORT_BY_NAME(SORT_BY_ALIGNMENT(.z_init_POST_KERNEL[0-9]_*)))
 *(SORT_BY_NAME(SORT_BY_ALIGNMENT(.z_init_POST_KERNEL[1-9][0-9]_*)))
 .z_init_POST_KERNEL40_
                0x00000000000065d4        0x8 modules/nrf/drivers/hw_cc310/lib..__nrf__drivers__hw_cc310.a(hw_cc310.c.obj)
                0x00000000000065dc                __init_APPLICATION_start = .
 *(SORT_BY_NAME(SORT_BY_ALIGNMENT(.z_init_APPLICATION[0-9]_*)))
 *(SORT_BY_NAME(SORT_BY_ALIGNMENT(.z_init_APPLICATION[1-9][0-9]_*)))
                0x00000000000065dc                __init_SMP_start = .
 *(SORT_BY_NAME(SORT_BY_ALIGNMENT(.z_init_SMP[0-9]_*)))
 *(SORT_BY_NAME(SORT_BY_ALIGNMENT(.z_init_SMP[1-9][0-9]_*)))
                0x00000000000065dc                __init_end = .

devices         0x00000000000065dc       0x78
                0x00000000000065dc                __device_start = .
                0x00000000000065dc                __device_PRE_KERNEL_1_start = .
 *(SORT_BY_NAME(SORT_BY_ALIGNMENT(.z_device_PRE_KERNEL_1[0-9]_*)))
 *(SORT_BY_NAME(SORT_BY_ALIGNMENT(.z_device_PRE_KERNEL_1[1-9][0-9]_*)))
 .z_device_PRE_KERNEL_130_
                0x00000000000065dc       0x18 zephyr/drivers/clock_control/libdrivers__clock_control.a(clock_control_nrf.c.obj)
                0x00000000000065dc                __device_dts_ord_74
 .z_device_PRE_KERNEL_140_
                0x00000000000065f4       0x30 zephyr/drivers/gpio/libdrivers__gpio.a(gpio_nrfx.c.obj)
                0x00000000000065f4                __device_dts_ord_106
                0x000000000000660c                __device_dts_ord_11
 .z_device_PRE_KERNEL_155_
                0x0000000000006624       0x30 zephyr/drivers/serial/libdrivers__serial.a(uart_nrfx_uarte.c.obj)
                0x0000000000006624                __device_dts_ord_115
                0x000000000000663c                __device_dts_ord_114
                0x0000000000006654                __device_PRE_KERNEL_2_start = .
 *(SORT_BY_NAME(SORT_BY_ALIGNMENT(.z_device_PRE_KERNEL_2[0-9]_*)))
 *(SORT_BY_NAME(SORT_BY_ALIGNMENT(.z_device_PRE_KERNEL_2[1-9][0-9]_*)))
                0x0000000000006654                __device_POST_KERNEL_start = .
 *(SORT_BY_NAME(SORT_BY_ALIGNMENT(.z_device_POST_KERNEL[0-9]_*)))
 *(SORT_BY_NAME(SORT_BY_ALIGNMENT(.z_device_POST_KERNEL[1-9][0-9]_*)))
                0x0000000000006654                __device_APPLICATION_start = .
 *(SORT_BY_NAME(SORT_BY_ALIGNMENT(.z_device_APPLICATION[0-9]_*)))
 *(SORT_BY_NAME(SORT_BY_ALIGNMENT(.z_device_APPLICATION[1-9][0-9]_*)))
                0x0000000000006654                __device_SMP_start = .
 *(SORT_BY_NAME(SORT_BY_ALIGNMENT(.z_device_SMP[0-9]_*)))
 *(SORT_BY_NAME(SORT_BY_ALIGNMENT(.z_device_SMP[1-9][0-9]_*)))
                0x0000000000006654                __device_end = .

sw_isr_table    0x0000000000006654      0x180
                0x0000000000006654                . = ALIGN (0x4)
 *(SORT_BY_ALIGNMENT(.gnu.linkonce.sw_isr_table*))
 .gnu.linkonce.sw_isr_table
                0x0000000000006654      0x180 zephyr/arch/common/libisr_tables.a(isr_tables.c.obj)
                0x0000000000006654                _sw_isr_table

initlevel_error
                0x000000000000657c        0x0
 *(SORT_BY_NAME(SORT_BY_ALIGNMENT(.z_init_[_A-Z0-9]*)))
                0x0000000000000001                ASSERT ((SIZEOF (initlevel_error) == 0x0), Undefined initialization levels used.)

app_shmem_regions
                0x00000000000067d4        0x0
                0x00000000000067d4                __app_shmem_regions_start = .
 *(SORT_BY_NAME(SORT_BY_ALIGNMENT(.app_regions.*)))
                0x00000000000067d4                __app_shmem_regions_end = .

k_p4wq_initparam_area
                0x00000000000067d4        0x0
                0x00000000000067d4                _k_p4wq_initparam_list_start = .
 *(SORT_BY_NAME(SORT_BY_ALIGNMENT(._k_p4wq_initparam.static.*)))
                0x00000000000067d4                _k_p4wq_initparam_list_end = .

device_handles  0x00000000000067d4       0x1e
                0x00000000000067d4                __device_handles_start = .
 *(SORT_BY_NAME(SORT_BY_ALIGNMENT(.__device_handles_pass2*)))
 .__device_handles_pass2
                0x00000000000067d4       0x1e zephyr/CMakeFiles/zephyr_pre1.dir/dev_handles.c.obj
                0x00000000000067d4                __devicehdl_DT_N_S_soc_S_uart_40002000
                0x00000000000067da                __devicehdl_DT_N_S_soc_S_uart_40028000
                0x00000000000067e0                __devicehdl_DT_N_S_soc_S_gpio_50000000
                0x00000000000067e6                __devicehdl_DT_N_S_soc_S_gpio_50000300
                0x00000000000067ec                __devicehdl_DT_N_S_soc_S_clock_40000000
                0x00000000000067f2                __device_handles_end = .

ztest           0x00000000000067f2        0x0
                0x00000000000067f2                _ztest_suite_node_list_start = .
 *(SORT_BY_NAME(SORT_BY_ALIGNMENT(._ztest_suite_node.static.*)))
                0x00000000000067f2                _ztest_suite_node_list_end = .
                0x00000000000067f2                _ztest_unit_test_list_start = .
 *(SORT_BY_NAME(SORT_BY_ALIGNMENT(._ztest_unit_test.static.*)))
                0x00000000000067f2                _ztest_unit_test_list_end = .
                0x00000000000067f2                _ztest_test_rule_list_start = .
 *(SORT_BY_NAME(SORT_BY_ALIGNMENT(._ztest_test_rule.static.*)))
                0x00000000000067f2                _ztest_test_rule_list_end = .

bt_l2cap_fixed_chan_area
                0x00000000000067f2        0x0
                0x00000000000067f2                _bt_l2cap_fixed_chan_list_start = .
 *(SORT_BY_NAME(SORT_BY_ALIGNMENT(._bt_l2cap_fixed_chan.static.*)))
                0x00000000000067f2                _bt_l2cap_fixed_chan_list_end = .

bt_gatt_service_static_area
                0x00000000000067f2        0x0
                0x00000000000067f2                _bt_gatt_service_static_list_start = .
 *(SORT_BY_NAME(SORT_BY_ALIGNMENT(._bt_gatt_service_static.static.*)))
                0x00000000000067f2                _bt_gatt_service_static_list_end = .

log_strings_sections
                0x00000000000067f2        0x0
                0x00000000000067f2                __log_strings_start = .
 *(SORT_BY_NAME(SORT_BY_ALIGNMENT(.log_strings*)))
                0x00000000000067f2                __log_strings_end = .

log_const_sections
                0x00000000000067f2        0x0
                0x00000000000067f2                __log_const_start = .
 *(SORT_BY_NAME(SORT_BY_ALIGNMENT(.log_const_*)))
                0x00000000000067f2                __log_const_end = .

log_backends_sections
                0x00000000000067f2        0x0
                0x00000000000067f2                __log_backends_start = .
 *(SORT_BY_ALIGNMENT(._log_backend.*))
                0x00000000000067f2                __log_backends_end = .

tracing_backend_area
                0x00000000000067f2        0x0
                0x00000000000067f2                _tracing_backend_list_start = .
 *(SORT_BY_NAME(SORT_BY_ALIGNMENT(._tracing_backend.static.*)))
                0x00000000000067f2                _tracing_backend_list_end = .

zephyr_dbg_info
                0x00000000000067f4       0x3c
 *(SORT_BY_ALIGNMENT(.dbg_thread_info))
 .dbg_thread_info
                0x00000000000067f4       0x3c zephyr/libzephyr.a(thread_info.c.obj)
                0x00000000000067f4                _kernel_openocd_size_t_size
                0x00000000000067f4                _kernel_thread_info_size_t_size
                0x00000000000067f8                _kernel_thread_info_num_offsets
                0x00000000000067f8                _kernel_openocd_num_offsets
                0x00000000000067fc                _kernel_thread_info_offsets
                0x00000000000067fc                _kernel_openocd_offsets

symbol_to_keep  0x0000000000006830        0x0
                0x0000000000006830                __symbol_to_keep_start = .
 *(SORT_BY_NAME(SORT_BY_ALIGNMENT(.symbol_to_keep*)))
                0x0000000000006830                __symbol_to_keep_end = .

shell_area      0x0000000000006830        0x0
                0x0000000000006830                _shell_list_start = .
 *(SORT_BY_NAME(SORT_BY_ALIGNMENT(._shell.static.*)))
                0x0000000000006830                _shell_list_end = .

shell_root_cmds_sections
                0x0000000000006830        0x0
                0x0000000000006830                __shell_root_cmds_start = .
 *(SORT_BY_NAME(SORT_BY_ALIGNMENT(.shell_root_cmd_*)))
                0x0000000000006830                __shell_root_cmds_end = .

shell_subcmds_sections
                0x0000000000006830        0x0
                0x0000000000006830                __shell_subcmds_start = .
 *(SORT_BY_NAME(SORT_BY_ALIGNMENT(.shell_subcmd_*)))
                0x0000000000006830                __shell_subcmds_end = .

shell_dynamic_subcmds_sections
                0x0000000000006830        0x0
                0x0000000000006830                __shell_dynamic_subcmds_start = .
 *(SORT_BY_NAME(SORT_BY_ALIGNMENT(.shell_dynamic_subcmd_*)))
                0x0000000000006830                __shell_dynamic_subcmds_end = .

font_entry_sections
                0x0000000000006830        0x0
                0x0000000000006830                __font_entry_start = .
 *(SORT_BY_NAME(SORT_BY_ALIGNMENT(._cfb_font.*)))
                0x0000000000006830                __font_entry_end = .

rodata          0x0000000000006830      0x34c
 *(SORT_BY_ALIGNMENT(.rodata))
 .rodata        0x0000000000006830        0x8 modules/hal_nordic/nrfx/libmodules__hal_nordic__nrfx.a(nrfx_gpiote.c.obj)
 *(SORT_BY_ALIGNMENT(.rodata.*))
 *fill*         0x0000000000006838        0x8 
 .rodata.delay_machine_code.0
                0x0000000000006840        0x6 zephyr/soc/arm/nordic_nrf/nrf52/libsoc__arm__nordic_nrf__nrf52.a(soc.c.obj)
 *fill*         0x0000000000006846        0x2 
 .rodata.z_cbvprintf_impl.str1.4
                0x0000000000006848        0x6 zephyr/libzephyr.a(cbprintf_complete.c.obj)
 *fill*         0x000000000000684e        0x2 
 .rodata.sys_reboot.str1.4
                0x0000000000006850       0x29 zephyr/libzephyr.a(reboot.c.obj)
 *fill*         0x0000000000006879        0x3 
 .rodata.pmstates_DT_N_S_cpus_S_cpu_0
                0x000000000000687c        0x0 zephyr/libzephyr.a(state.c.obj)
 .rodata.apis   0x000000000000687c        0x8 zephyr/libzephyr.a(nrf_cc3xx_platform_abort_zephyr.c.obj)
 .rodata.mutex_free_platform.str1.4
                0x0000000000006884       0x26 zephyr/libzephyr.a(nrf_cc3xx_platform_mutex_zephyr.c.obj)
 *fill*         0x00000000000068aa        0x2 
 .rodata.mutex_init_platform.str1.4
                0x00000000000068ac       0x2d zephyr/libzephyr.a(nrf_cc3xx_platform_mutex_zephyr.c.obj)
 *fill*         0x00000000000068d9        0x3 
 .rodata.mutex_apis
                0x00000000000068dc       0x10 zephyr/libzephyr.a(nrf_cc3xx_platform_mutex_zephyr.c.obj)
 .rodata.mutexes
                0x00000000000068ec       0x14 zephyr/libzephyr.a(nrf_cc3xx_platform_mutex_zephyr.c.obj)
 .rodata.static_regions
                0x0000000000006900        0xc zephyr/arch/arch/arm/core/aarch32/mpu/libarch__arm__core__aarch32__mpu.a(arm_core_mpu.c.obj)
 .rodata.str1.4
                0x000000000000690c        0xf zephyr/soc/arm/common/cortex_m/libsoc__arm__common__cortex_m.a(arm_mpu_regions.c.obj)
 *fill*         0x000000000000691b        0x1 
 .rodata.mpu_config
                0x000000000000691c        0x8 zephyr/soc/arm/common/cortex_m/libsoc__arm__common__cortex_m.a(arm_mpu_regions.c.obj)
                0x000000000000691c                mpu_config
 .rodata.mpu_regions
                0x0000000000006924       0x18 zephyr/soc/arm/common/cortex_m/libsoc__arm__common__cortex_m.a(arm_mpu_regions.c.obj)
 .rodata.str1.4
                0x000000000000693c        0xf zephyr/drivers/clock_control/libdrivers__clock_control.a(clock_control_nrf.c.obj)
 *fill*         0x000000000000694b        0x1 
 .rodata.clock_control_api
                0x000000000000694c       0x1c zephyr/drivers/clock_control/libdrivers__clock_control.a(clock_control_nrf.c.obj)
 .rodata.config
                0x0000000000006968       0x10 zephyr/drivers/clock_control/libdrivers__clock_control.a(clock_control_nrf.c.obj)
 .rodata.transitions.0
                0x0000000000006978        0xc zephyr/drivers/clock_control/libdrivers__clock_control.a(clock_control_nrf.c.obj)
 .rodata.str1.4
                0x0000000000006984       0x1e zephyr/drivers/gpio/libdrivers__gpio.a(gpio_nrfx.c.obj)
 *fill*         0x00000000000069a2        0x2 
 .rodata.gpio_nrfx_drv_api_funcs
                0x00000000000069a4       0x24 zephyr/drivers/gpio/libdrivers__gpio.a(gpio_nrfx.c.obj)
 .rodata.gpio_nrfx_p0_cfg
                0x00000000000069c8       0x10 zephyr/drivers/gpio/libdrivers__gpio.a(gpio_nrfx.c.obj)
 .rodata.gpio_nrfx_p1_cfg
                0x00000000000069d8       0x10 zephyr/drivers/gpio/libdrivers__gpio.a(gpio_nrfx.c.obj)
 .rodata.str1.4
                0x00000000000069e8       0x1e zephyr/drivers/serial/libdrivers__serial.a(uart_nrfx_uarte.c.obj)
 *fill*         0x0000000000006a06        0x2 
 .rodata.__pinctrl_dev_config__device_dts_ord_114
                0x0000000000006a08        0xc zephyr/drivers/serial/libdrivers__serial.a(uart_nrfx_uarte.c.obj)
 .rodata.__pinctrl_dev_config__device_dts_ord_115
                0x0000000000006a14        0xc zephyr/drivers/serial/libdrivers__serial.a(uart_nrfx_uarte.c.obj)
 .rodata.__pinctrl_state_pins_0__device_dts_ord_114
                0x0000000000006a20       0x10 zephyr/drivers/serial/libdrivers__serial.a(uart_nrfx_uarte.c.obj)
 .rodata.__pinctrl_state_pins_0__device_dts_ord_115
                0x0000000000006a30        0x8 zephyr/drivers/serial/libdrivers__serial.a(uart_nrfx_uarte.c.obj)
 .rodata.__pinctrl_states__device_dts_ord_114
                0x0000000000006a38        0x8 zephyr/drivers/serial/libdrivers__serial.a(uart_nrfx_uarte.c.obj)
 .rodata.__pinctrl_states__device_dts_ord_115
                0x0000000000006a40        0x8 zephyr/drivers/serial/libdrivers__serial.a(uart_nrfx_uarte.c.obj)
 .rodata.uart_nrfx_uarte_driver_api
                0x0000000000006a48       0x14 zephyr/drivers/serial/libdrivers__serial.a(uart_nrfx_uarte.c.obj)
 .rodata.uarte_0z_config
                0x0000000000006a5c       0x10 zephyr/drivers/serial/libdrivers__serial.a(uart_nrfx_uarte.c.obj)
 .rodata.uarte_1z_config
                0x0000000000006a6c       0x10 zephyr/drivers/serial/libdrivers__serial.a(uart_nrfx_uarte.c.obj)
 .rodata._DoInit.str1.4
                0x0000000000006a7c       0x17 modules/segger/libmodules__segger.a(SEGGER_RTT.c.obj)
 *fill*         0x0000000000006a93        0x1 
 .rodata.levels.0
                0x0000000000006a94       0x14 zephyr/kernel/libkernel.a(device.c.obj)
 .rodata._k_neg_eagain
                0x0000000000006aa8        0x4 zephyr/kernel/libkernel.a(errno.c.obj)
                0x0000000000006aa8                _k_neg_eagain
 .rodata.init_idle_thread.str1.4
                0x0000000000006aac        0x5 zephyr/kernel/libkernel.a(init.c.obj)
 *fill*         0x0000000000006ab1        0x3 
 .rodata.prepare_multithreading.str1.4
                0x0000000000006ab4        0x5 zephyr/kernel/libkernel.a(init.c.obj)
 *fill*         0x0000000000006ab9        0x3 
 .rodata.boot_banner.str1.4
                0x0000000000006abc       0x37 zephyr/kernel/libkernel.a(banner.c.obj)
                                         0x3b (size before relaxing)
 *fill*         0x0000000000006af3        0x1 
 .rodata.CSWTCH.10
                0x0000000000006af4       0x1c /home/bem22/code/ncs/v2.1.2/nrfxlib/crypto/nrf_cc310_platform/lib/cortex-m4/soft-float/no-interrupts/libnrf_cc310_platform_0.9.15.a(nrf_cc3xx_platform.c.obj)
 .rodata.mutex_free.str1.4
                0x0000000000006b10       0x26 /home/bem22/code/ncs/v2.1.2/nrfxlib/crypto/nrf_cc310_platform/lib/cortex-m4/soft-float/no-interrupts/libnrf_cc310_platform_0.9.15.a(nrf_cc3xx_platform_mutex.c.obj)
 *fill*         0x0000000000006b36        0x2 
 .rodata.mutex_init.str1.4
                0x0000000000006b38       0x23 /home/bem22/code/ncs/v2.1.2/nrfxlib/crypto/nrf_cc310_platform/lib/cortex-m4/soft-float/no-interrupts/libnrf_cc310_platform_0.9.15.a(nrf_cc3xx_platform_mutex.c.obj)
 *fill*         0x0000000000006b5b        0x1 
 .rodata.CC_PalPowerSaveModeInit.str1.4
                0x0000000000006b5c       0x20 /home/bem22/code/ncs/v2.1.2/nrfxlib/crypto/nrf_cc310_platform/lib/cortex-m4/soft-float/no-interrupts/libnrf_cc310_platform_0.9.15.a(cc_pal_pm.c.obj)
 *(SORT_BY_ALIGNMENT(.gnu.linkonce.r.*))
                0x0000000000006b7c                . = ALIGN (0x4)
                0x0000000000006b7c                __rodata_region_end = .
                0x0000000000006b80                . = ALIGN (_region_min_align)
                0x0000000000008000                . = ALIGN ((0x1 << ((__rodata_region_end - __rom_region_start) <= 0x4)?0x2:((__rodata_region_end - __rom_region_start) <= 0x8)?0x3:((__rodata_region_end - __rom_region_start) <= 0x10)?0x4:((__rodata_region_end - __rom_region_start) <= 0x20)?0x5:((__rodata_region_end - __rom_region_start) <= 0x40)?0x6:((__rodata_region_end - __rom_region_start) <= 0x80)?0x7:((__rodata_region_end - __rom_region_start) <= 0x100)?0x8:((__rodata_region_end - __rom_region_start) <= 0x200)?0x9:((__rodata_region_end - __rom_region_start) <= 0x400)?0xa:((__rodata_region_end - __rom_region_start) <= 0x800)?0xb:((__rodata_region_end - __rom_region_start) <= 0x1000)?0xc:((__rodata_region_end - __rom_region_start) <= 0x2000)?0xd:((__rodata_region_end - __rom_region_start) <= 0x4000)?0xe:((__rodata_region_end - __rom_region_start) <= 0x8000)?0xf:((__rodata_region_end - __rom_region_start) <= 0x10000)?0x10:((__rodata_region_end - __rom_region_start) <= 0x20000)?0x11:((__rodata_region_end - __rom_region_start) <= 0x40000)?0x12:((__rodata_region_end - __rom_region_start) <= 0x80000)?0x13:((__rodata_region_end - __rom_region_start) <= 0x100000)?0x14:((__rodata_region_end - __rom_region_start) <= 0x200000)?0x15:((__rodata_region_end - __rom_region_start) <= 0x400000)?0x16:((__rodata_region_end - __rom_region_start) <= 0x800000)?0x17:((__rodata_region_end - __rom_region_start) <= 0x1000000)?0x18:((__rodata_region_end - __rom_region_start) <= 0x2000000)?0x19:((__rodata_region_end - __rom_region_start) <= 0x4000000)?0x1a:((__rodata_region_end - __rom_region_start) <= 0x8000000)?0x1b:((__rodata_region_end - __rom_region_start) <= 0x10000000)?0x1c:((__rodata_region_end - __rom_region_start) <= 0x20000000)?0x1d:((__rodata_region_end - __rom_region_start) <= 0x40000000)?0x1e:((__rodata_region_end - __rom_region_start) <= 0x80000000)?0x1f:0x20))
                0x0000000000008000                __rom_region_end = .
                0x0000000020000000                . = 0x20000000
                0x0000000020000000                . = ALIGN (_region_min_align)
                0x0000000020000000                _image_ram_start = .

.ramfunc        0x0000000020000000        0x0 load address 0x0000000000006b7c
                0x0000000020000000                . = ALIGN (_region_min_align)
                0x0000000020000000                . = ALIGN ((0x1 << (__ramfunc_size <= 0x4)?0x2:(__ramfunc_size <= 0x8)?0x3:(__ramfunc_size <= 0x10)?0x4:(__ramfunc_size <= 0x20)?0x5:(__ramfunc_size <= 0x40)?0x6:(__ramfunc_size <= 0x80)?0x7:(__ramfunc_size <= 0x100)?0x8:(__ramfunc_size <= 0x200)?0x9:(__ramfunc_size <= 0x400)?0xa:(__ramfunc_size <= 0x800)?0xb:(__ramfunc_size <= 0x1000)?0xc:(__ramfunc_size <= 0x2000)?0xd:(__ramfunc_size <= 0x4000)?0xe:(__ramfunc_size <= 0x8000)?0xf:(__ramfunc_size <= 0x10000)?0x10:(__ramfunc_size <= 0x20000)?0x11:(__ramfunc_size <= 0x40000)?0x12:(__ramfunc_size <= 0x80000)?0x13:(__ramfunc_size <= 0x100000)?0x14:(__ramfunc_size <= 0x200000)?0x15:(__ramfunc_size <= 0x400000)?0x16:(__ramfunc_size <= 0x800000)?0x17:(__ramfunc_size <= 0x1000000)?0x18:(__ramfunc_size <= 0x2000000)?0x19:(__ramfunc_size <= 0x4000000)?0x1a:(__ramfunc_size <= 0x8000000)?0x1b:(__ramfunc_size <= 0x10000000)?0x1c:(__ramfunc_size <= 0x20000000)?0x1d:(__ramfunc_size <= 0x40000000)?0x1e:(__ramfunc_size <= 0x80000000)?0x1f:0x20))
                0x0000000020000000                __ramfunc_start = .
 *(SORT_BY_ALIGNMENT(.ramfunc))
 *(SORT_BY_ALIGNMENT(.ramfunc.*))
                0x0000000020000000                . = ALIGN (_region_min_align)
                0x0000000020000000                . = ALIGN ((0x1 << (__ramfunc_size <= 0x4)?0x2:(__ramfunc_size <= 0x8)?0x3:(__ramfunc_size <= 0x10)?0x4:(__ramfunc_size <= 0x20)?0x5:(__ramfunc_size <= 0x40)?0x6:(__ramfunc_size <= 0x80)?0x7:(__ramfunc_size <= 0x100)?0x8:(__ramfunc_size <= 0x200)?0x9:(__ramfunc_size <= 0x400)?0xa:(__ramfunc_size <= 0x800)?0xb:(__ramfunc_size <= 0x1000)?0xc:(__ramfunc_size <= 0x2000)?0xd:(__ramfunc_size <= 0x4000)?0xe:(__ramfunc_size <= 0x8000)?0xf:(__ramfunc_size <= 0x10000)?0x10:(__ramfunc_size <= 0x20000)?0x11:(__ramfunc_size <= 0x40000)?0x12:(__ramfunc_size <= 0x80000)?0x13:(__ramfunc_size <= 0x100000)?0x14:(__ramfunc_size <= 0x200000)?0x15:(__ramfunc_size <= 0x400000)?0x16:(__ramfunc_size <= 0x800000)?0x17:(__ramfunc_size <= 0x1000000)?0x18:(__ramfunc_size <= 0x2000000)?0x19:(__ramfunc_size <= 0x4000000)?0x1a:(__ramfunc_size <= 0x8000000)?0x1b:(__ramfunc_size <= 0x10000000)?0x1c:(__ramfunc_size <= 0x20000000)?0x1d:(__ramfunc_size <= 0x40000000)?0x1e:(__ramfunc_size <= 0x80000000)?0x1f:0x20))
                0x0000000020000000                __ramfunc_end = .
                0x0000000000000000                __ramfunc_size = (__ramfunc_end - __ramfunc_start)
                0x0000000000006b7c                __ramfunc_load_start = LOADADDR (.ramfunc)

datas           0x0000000020000000      0x150 load address 0x0000000000006b7c
                0x0000000020000000                __data_region_start = .
                0x0000000020000000                __data_start = .
 *(SORT_BY_ALIGNMENT(.data))
 *(SORT_BY_ALIGNMENT(.data.*))
 .data._char_out
                0x0000000020000000        0x4 zephyr/libzephyr.a(printk.c.obj)
                0x0000000020000000                _char_out
 .data.max_latency_ticks
                0x0000000020000004        0x4 zephyr/libzephyr.a(policy.c.obj)
 .data.asym_mutex
                0x0000000020000008        0x8 zephyr/libzephyr.a(nrf_cc3xx_platform_mutex_zephyr.c.obj)
 .data.power_mutex
                0x0000000020000010        0x8 zephyr/libzephyr.a(nrf_cc3xx_platform_mutex_zephyr.c.obj)
 .data.rng_mutex
                0x0000000020000018        0x8 zephyr/libzephyr.a(nrf_cc3xx_platform_mutex_zephyr.c.obj)
 .data.sym_mutex
                0x0000000020000020        0x8 zephyr/libzephyr.a(nrf_cc3xx_platform_mutex_zephyr.c.obj)
 .data._stdout_hook
                0x0000000020000028        0x4 zephyr/lib/libc/minimal/liblib__libc__minimal.a(stdout_console.c.obj)
 .data.uarte_0_data
                0x000000002000002c       0x1c zephyr/drivers/serial/libdrivers__serial.a(uart_nrfx_uarte.c.obj)
 .data.uarte_1_data
                0x0000000020000048       0x1c zephyr/drivers/serial/libdrivers__serial.a(uart_nrfx_uarte.c.obj)
 .data.SystemCoreClock
                0x0000000020000064        0x4 modules/hal_nordic/nrfx/libmodules__hal_nordic__nrfx.a(system_nrf52840.c.obj)
                0x0000000020000064                SystemCoreClock
 .data.m_cb     0x0000000020000068       0x7c modules/hal_nordic/nrfx/libmodules__hal_nordic__nrfx.a(nrfx_gpiote.c.obj)
 .data.m_channels_allocated
                0x00000000200000e4        0x4 modules/hal_nordic/nrfx/libmodules__hal_nordic__nrfx.a(nrfx_ppi.c.obj)
 .data.timeout_list
                0x00000000200000e8        0x8 zephyr/kernel/libkernel.a(timeout.c.obj)
 .data.platform_abort_apis
                0x00000000200000f0        0x8 /home/bem22/code/ncs/v2.1.2/nrfxlib/crypto/nrf_cc310_platform/lib/cortex-m4/soft-float/no-interrupts/libnrf_cc310_platform_0.9.15.a(nrf_cc3xx_platform_abort.c.obj)
                0x00000000200000f0                platform_abort_apis
 .data.asym_mutex
                0x00000000200000f8        0x8 /home/bem22/code/ncs/v2.1.2/nrfxlib/crypto/nrf_cc310_platform/lib/cortex-m4/soft-float/no-interrupts/libnrf_cc310_platform_0.9.15.a(nrf_cc3xx_platform_mutex.c.obj)
 .data.platform_mutex_apis
                0x0000000020000100       0x10 /home/bem22/code/ncs/v2.1.2/nrfxlib/crypto/nrf_cc310_platform/lib/cortex-m4/soft-float/no-interrupts/libnrf_cc310_platform_0.9.15.a(nrf_cc3xx_platform_mutex.c.obj)
                0x0000000020000100                platform_mutex_apis
 .data.platform_mutexes
                0x0000000020000110       0x14 /home/bem22/code/ncs/v2.1.2/nrfxlib/crypto/nrf_cc310_platform/lib/cortex-m4/soft-float/no-interrupts/libnrf_cc310_platform_0.9.15.a(nrf_cc3xx_platform_mutex.c.obj)
                0x0000000020000110                platform_mutexes
 .data.power_mutex
                0x0000000020000124        0x8 /home/bem22/code/ncs/v2.1.2/nrfxlib/crypto/nrf_cc310_platform/lib/cortex-m4/soft-float/no-interrupts/libnrf_cc310_platform_0.9.15.a(nrf_cc3xx_platform_mutex.c.obj)
 .data.rng_mutex
                0x000000002000012c        0x8 /home/bem22/code/ncs/v2.1.2/nrfxlib/crypto/nrf_cc310_platform/lib/cortex-m4/soft-float/no-interrupts/libnrf_cc310_platform_0.9.15.a(nrf_cc3xx_platform_mutex.c.obj)
 .data.sym_mutex
                0x0000000020000134        0x8 /home/bem22/code/ncs/v2.1.2/nrfxlib/crypto/nrf_cc310_platform/lib/cortex-m4/soft-float/no-interrupts/libnrf_cc310_platform_0.9.15.a(nrf_cc3xx_platform_mutex.c.obj)
 .data.CCAsymCryptoMutex
                0x000000002000013c        0x4 /home/bem22/code/ncs/v2.1.2/nrfxlib/crypto/nrf_cc310_platform/lib/cortex-m4/soft-float/no-interrupts/libnrf_cc310_platform_0.9.15.a(cc_pal.c.obj)
                0x000000002000013c                CCAsymCryptoMutex
 .data.CCPowerMutex